100yearsago
1200isplenty
18only
2015readingchallenge
240sx
2spooky4me
3DMA
3DPorncraft
420_Girls
4ChanMeta
4PanelCringe
4Runner
52weeksofbaking
60fpsGamingGifs
60fpsporn
60sMusic
70smusic
7daystodie
80sdesign
8chan
8muses
90sdesign
90smusic
aa_cups
ABCDesis
abcqwerty123
ABDL
AbuseInterrupted
AbusePorn2
abv
AcademicPhilosophy
Acadiana
AceAttorney
acecombat
ACMilan
ACTA
AdamCarolla
ADD
AddToMyTune
Adelaide
ADHD
AdiposeAmigos
Adoption
AdorableDragons
adultery
Advice
AFL
Africa
AfterEffects
after_the_shot
Afwcomics
AgainstGamerGate
agentcarter
AgMarketplace
Agorism
Agriculture
ainsleyeveryday
airboobs
AirBrawl
airsoftmarket
Ai_Shinozaki
AkameGaKILL
Akashin
Alabama
Albany
Albuquerque
Aleague
alexandradaddario
AlexisRen
AliceEve
AlignmentCharts
allaccessplaylists
AlternativeHealth
altgonewild
AltisLife
altnewz
altscifi
AMA
Amanda_Seyfried
amateurcumsluts
Amateurs_asian
AmateurWifes
Amber_Heard
Amd
AmericanGovernment
AmericanHistory
AmericanPolitics
amiibo
AmiiboCanada
AMRsucks
Amsterdam
AnaheimDucks
anal_gifs
AnalGW
Anarchism
Anarcho_Capitalism
anarchomemes
AncientCivilizations
Android
AndroidMasterRace
AndroidWear
ANGEL
AngelaWhite
angularjs
AnimalRights
Animals
AnimalTextGifs
animecirclejerk
Animedubs
animegifsound
Anna_Faith
AnnArbor
annasophiarobb
ANormalDayInRussia
Anthropology
Anticonsumption
AntiJokes
AntiPOZi
Antiques
Antitheism
Anxiety
aphextwin
apink
Apocalypse
ApocalypseRising
apolloapp
AppEngine
AppNana
april30th2015
Aquaman
Aquariums
araragi
Archaeology
archeage
Archeology
Archery
arcticmonkeys
areolas
Argentinacirclejerk
ArgentinaGoneWild
arielwinter
Arkansas
Art
ArtCrit
ArtefactPorn
ArtHistory
ArtistLounge
ArtJunkie
AsABlackMan
asamale
Ashens
AshleyBenson
AsianCumsluts
AsianFetish
AsianMasculinity
AsianNipples
AsianPussy
AsiansGoneWild
AskDocs
AskDoctorSmeeee
AskLEO
AskLosAngeles
AskMenOver30
AskRedditAfterDark
AskSF
AskTrollX
asktrp
AskVet
askwomenadvice
ASPNET
asseffect
assettocorsa
AssFartFetish
AssOnTheGlass
Astronomy
Athens
AthleticWearPorn
Atlanta
AtlantaHawks
atlbeer
ATPorn
attackontitan
Audi
audiosexual
Austin
AustralianMakeup
Austria
Autos
AverageBattlestations
avfc
aviationgifs
AwesomeCarMods
awfuleverything
awfuleyebrows
Awwducational
awwgifs
awwschwitz
awwyea
ayylmao
AZCardinals
babyelephantgifs
babylon5
BABYMETAL
BackgroundArt
Bacon
Bad_Cop_No_Donut
BadDragon
badeconomics
BadEverything
badpeoplestories
bad_religion
bakchodi
Baking
Bargains
Baroque
baseballcirclejerk
BasicIncome
Basketball
Bass
bassnectar
bathroomwisdom
BatmanArkham
Battlefield
Battlefield_4_CTE
BattleJackets
BattlestarGalactica
battlewagon
BBCSluts
BBQ
BBW
BBWHentai
B_Cups
Bearswaving
BeatMarket
BeautifulFemales
BeautifulTitsAndAss
BeautyAddiction
beef_flaps
Beekeeping
beercirclejerk
beerwithaview
before_after_cumsluts
BeforeNAfterAdoption
behindthegifs
BellaThorne
Bellingham
Bento
bertstrips
Besiege
BestGamesEver
Bestiality
bestofblowjobs
bestofboobies
bestofcollege
BestofCracked
bestofcumsluts
bestoflegaladvice
bestoflingerie
BestOfLiveleak
BestOfOutrageCulture
BestOfReports
bestofteen
BestStreams
betterCallSaul
betternews
BF_Hardline
bigareolas
BigBoobsGonewild
BigBoobsGW
BigBrother
BigHero6
Bigroad
bigseo
bikebuilders
Bikini
BillBurr
Biochemistry
bioniclelego
BipolarReddit
Birbs
birdsofprey
Birmingham
bishounen
BitcoinMarkets
BitTippers
blackchickswhitedicks
blackcoin
BlackCrime
blackdesertonline
Blackfellas
blackmale
BlackOps
BlackPeopleTwitter
BlackSails
Blacksmith
Blep
Blogging
Blondeass
bloodborne
bloodbornethegame
blop
BlowJob
blowjob_eyes
Blue
Bluegrass
BlueJackets
BMW
Boardgamedeals
bodyshots
Boilermakers
Boise
BoJackHorseman
BokuNoHeroAcademia
BondageBlowjobs
BonersInPublic
Bonsai
BoomBeach
boop
Borderlands
BorderlandsPreSequel
borrow
botsrights
Bowling
Boxers
boxershorts
Boxing
BPD
braceface
bravefrontier
bravelydefault
BravoRealHousewives
Brazil
Breakfast
breakingmom
BreakUps
BreedingDittos
Bridgitmendler
Briggs
BritishSuccess
BroadCity
Broadway
Brogress
brokehugs
Brooklyn
BruceSpringsteen
brunetteass
brushybrushy
BSD
BSG
Buddhism
Buffalo
Bulges
BullTerrier
BurningMan
Bushcraft
BusinessIntelligence
bustyamateurasians
bustyasians
BustyNaturals
Buttcoin
butterface
ButtsAndBareFeet
ButtsInJeans
cahideas
cakeday
CAKEWIN
CalamariRaceTeam
Calgary
CalgaryFlames
calibrations
California
CallOfDuty
CamelToeGirls
CampingandHiking
Canadian_ecigarette
CannabisExtracts
Cardinals
cassie604
CastleClash
CasualConversation
CasualPokemonTrades
catbellies
CatCircles
CatConspiracy
CatHighFive
Catholicism
CatholicMemes
Catloaf
CatsAreAssholes
CatsInBusinessAttire
CatsInSinks
CatsStandingUp
catsvstechnology
CautiousBB
cavaliers
CCJ2
CelebCumSluts
CelebrityArmpits
CelebrityButts
CelebrityNipples
CelebrityPokies
CelebsBR
CelebSexScenes
CelebsMX
CelebsPrivate
celebsunleashed
cf4cf
CFB
CFBOffTopic
CFL
cfnm
ChanceTheRapper
changetip
ChangingRooms
Charleston
Charlotte
CharlotteHornets
Chattanooga
Cheap_Meals
CheekyBottoms
Cheese
ChemicalEngineering
CherokeeXJ
Chevy
Cheza2920Playground
ChicagoNWside
chicksfalling
ChiefKeef
Chihuahua
ChildrenFallingOver
chiliadmystery
China
ChineseLanguage
Chiropractic
choking
ChoosingBeggars
Christianity
ChristopherHitchens
Chromecast
ChronicPain
churchporn
chvrches
Cinema4D
CinemaSins
cinematographe
CintiaDicker
Cintia_Dicker
circlejerkaustralia
circlejerkpdx
circojeca
cirkeltrek
CitiesSkylines
civbattleroyale
civbeyondearth
civcirclejerk
CivilizatonExperiment
civmemes
CK2GameOfthrones
Clannad
ClassicRock
cleganebowl
Clemson
Cleveland
CLG
ClickerHeroes
ClitDepthGIFs
Clojure
Club_Nintendo
ClubNintendoTrade
Coachella
coaxedintoasnafu
cock
cockatiel
cocklady
CodAW
CoDCompetitive
Coffee
Coilporn
cokrp
Coldplay
ColdWarPowers
Colombia
Colorado
ColoradoSprings
ColorBlind
coloringcorruptions
Colorslash
Colts
Columbus
comedybangbang
ComicBookCollabs
ComicBookDirectories
comics18_story
ComicWalls
commentgore
CommercialCuts
CommonLaw
CompetitiveHS
Compilers
ComplexionExcellence
ComputerSecurity
ConanTravels
conceptart
ConfessionBear
Conglomera
Connecticut
Connery
consentacles
Conservative
consoledeals
consolemasterrace
ConspiracyGrumps
Constantine
ContagiousLaughHaiku
ConTalks
Contest
ContestOfChampions
CookieClicker
Cooking
cookingforbeginners
coolgithubprojects
coolguides
CoonTown
copypasta
corejerk
Cornell
Corruption
Cosmos
cosplaybutts
couplesgonewild
Coyotes
CozyPlaces
Cplusplus
C_Programming
CraftBeer
CraftyTrolls
crashbandicoot
crayonpop
CrazyHand
CredibleDefense
Cricket
CringeAnarchy
criterion
CrossfitGirls
CrossStitch
crusadersquest
csgobetting
csgolounge
CTFxC
Cthulhu
Cubers
Cubs
cuckoldcaptions
cuckquean
Cuffed
CullenMancers
CultCinema
curlsinthesquatrack
CurvyGonewild
customhearthstone
cutekorean
CyanideandHappiness
Cyberpunk
D10S
Dachshund
dadjokes
DAE
DaftPunk
DailyHerald
dailymilf
DailyShow
DailyTechNewsShow
Dallas
DallasStars
Damnthatsinteresting
Dance
danganronpa
dank_meme
dankmemes
DANMAG
DarkEnlightenment
darkestdungeon
DarkFuturology
DarkNetMarkets
DarkNetMarketsNoobs
Dashcam
dashcamgifs
Database
DataHoarder
dataisugly
DatGuyLirik
Datsun
DatV
DaveAndBusters
dawngate
deadmau5
DeadSpace
deathgrips
Debate
DebateIt
DebbyRyan
DeepGreenResistance
DeepIntoYouTube
DeepSpaceNine
Delaware
DelightfullyAnnoyed
DemiLovato
Demoscene
Denmark
Denton
Denver
denvernuggets
DescentIntoTyranny
DesiBeauty
Design
DesirePath
DestinyMemes
Detroit
DetroitPistons
Deusex
devops
Dexter
dfsports
Diablo3Crusaders
Diablo3DemonHunters
Diablo3Monks
Diablo3witchdoctors
Diablo3Wizards
different_sob_story
dillion_harper
Dinosaurs
DirtyFamilyPhotos
dirtykikpals
disneybound
Divorce
DiWHY
DIY
DIY_eJuice
DIYfail
djiphantom
DJs
DMDadJokes
DMT
DnB
DnD
DnDBehindTheScreen
DnDGreentext
dndmemes
dndnext
DobermanPinscher
Documentaries
Dodgers
DoesAnybodyElse
doge
dogecoin
DogShowerThoughts
Dogtraining
DOTA
dota2circlejerk
dota2dadjokes
Dota2Modding
dotamasterrace
douglovesmovies
DownBra
downloadcodes
Drama
Drawn_Horsecock
DrawnSelfBondage
Dreadlocks
dreamjobs
Dreams
Dreamtheater
Drexel
DrinkingGames
DRKCoin
DrugArt
Drugs
drugscirclejerk
drugstoreMUA
drunkvapes
DSP
DubbedGIFS
Dublin
Ducati
DumpsterDiving
DungeonsAndDragons
dvdasa
DvZ
dyinglight
dynastywarriors
E30
EAF
Earwolf
eastenders
EatingDisorders
EatThatPussy
Ebay
ebola
Ebony
Ebonyasshole
ECE
ecig_vendors
Economics
ecr_eu
ECR_Plus
EditingAndLayout
EDM
Edmonton
Eesti
ElectricForest
electricians
ElfHentai
EliteDangerous
elitedangerousrefunds
EliteTraders
ElsaHosk
Elsanna
Embroidery
EmeraldPS2
EmilyRatajkowski
Eminem
EmmaWatson
ENFP
EngorgedVeinyBreasts
EnoughLibertarianSpam
Entomology
Entrepreneur
EOOD
EQNext
Equality
Equestrian
Eragon
ericprydz
eroticauthors
Esperanto
ETCshow
ethereum
EthnicGirlFacials
Etsy
eu4
Eugene
european
EvaGreen
Eve
evenmorewild
evenwithcontext
every15min
EverythingScience
EVEX
EvolveGame
ExhibitionistSex
Existentialism
ExNoContact
expertinayear
ExplorePakistan
Exxxtras
EyeCandy
Faces
factorio
FactsGoneWild
FairyTailRP
fakealbumcovers
fakeid
Fallout
familyguythegame
fandomnatural
fantanoforever
Fantasy
FantasyLCS
fantasylife
FantasyMLS
fapfactory
FargoTV
FashionReps
fatestaynight
fatpeoplehate
fatpeoplehateGW
Fatsoshop
FBCOpenModmail
fbody
Fedora
FeelsLikeTheFirstTime
FellowKids
femboy
femdomgonewild
Feminism
FemmeThoughts
FeMRADebates
Fencing
FeralPokePorn
FetishItems
FIFA
FifaCareers
FighterJets
FIlm
Filmmakers
FilthyFrank
FilthyGirls
FinalFantasy
FinancialPlanning
findapath
FindAUnit
FindTheSniper
Finland
fireemblemcasual
Firefighting
FireflyFestival
Fireteams
fireTV
FirstWorldConformists
Fishing
FitAndNatural
fitbit
Fitness
fitness30plus
FitshionVSFatshion
Fiveheads
fivenightsatfreddys
FixedGearBicycle
FlashGames
FlashTV
flexibility
flightmc
Flipping
Floof
FloridaGators
FloridaPanthers
FMK
FML
FMN
FNaFb
FNAFParodyArt
FoodPorn
footbaww
fordranger
Forex
ForgottenBookmarks
FormulaE
Forts
FRC
FREE
FreeAtheism
freedonuts
FreeGameFindings
FreeKarma
freeuse
French
fresh_funny
friendsafari
frogdogs
Frontend
FrontPage
Frozen
Frugal
ft86
FuckArvo
fuckingmanly
fuckmusic
FulfillmentByAmazon
FULLCOMMUNISM
fullmoviesongoogle
FullMoviesOnline
functionalprint
funhaus
funkopop
FunkSouMusic
FunnyandSad
funnyniggers
funrun
FunWithFriends
FutanariPegging
Futurism
gaijinhunter
galaxynote4
galaxys5
GallowBoob
GameDeals
GameofThronesRP
GamerGhazi
GamerPals
GamerPorn
GameSale
Gamesnews
Gaming4Gamers
GamingChallenges
gangstaswithwaifus
gaybroscirclejerk
GayChubs
gaycumsluts
GayFisting
gayforoberyn
gayincest
GayKink
gaypornhunters
gaystoriesgonewild
GayWatersports
gazorbnik
GearVR
Gender_Critical
GenderCynical
genderotica
Genealogy
gentlemanbonersgifs
Gentoo
GenX
Georgia
GermanRap
GettingDoug
gettingherselfoff
gfur
Ghosts
giantbomb
gif_dump
gifextra
GifsofOtters
gigantic
GilmoreGirls
Gin
gingerdudes
gingerguys
girlcameramirror
girlsinplaidskirts
GirlsInTightShirts
GirlsMirin
GirlsWithiPhones
GlobalOffensiveTrade
GlobalPowers
Gloryholes
GNV
goddesses
GoneErotic
gonemildcurvy
gonewild30plus
GoneWildScrubs
GoneWildSmiles
GoneWildTrans
gonewildvideos
Good_Cop_Free_Donut
goodlongposts
goodyearwelt
GoogleCardboard
googleplaydeals
Goruck
Gotham
governmentoppression
GradSchool
graffhelp
Graffiti
GrammarNazi
GrandmotherlyGILFs
GrandTheftAutoV_PC
granturismo
GraphicsProgramming
grateful_dead
GreaseMonkey
GreatApes
Green
GreenBayPackers
greygoo
GroolGoneWild
gso
GTA
GTAA
gtaglitches
gtaonline
GTAV
gtavcustoms
gtsim
Guelph
Guildwars2
GuiltyPleasureMusic
Guitar
guitarcirclejerk
Gunime
gunmishaps
Gunners
GWbanned
gwcommentsonearthporn
gwcosplay
gwcumsluts
GWNerdy
gwpublic
gwu
Gymnastics
h1z1
h3h3productions
Habs
hadom
hahawhyamidoingthis
HaircareScience
Hairy
HaloCirclejerk
halomedia
HaloPlayers
Hammers
hamsters
handguns
handsomeguysuglyfaces
Happydogs
HappyWars
hardanal
HardBoltOns
hardendefense
Harley
Harmontown
Haruhi
Hatfilms
havoc_bot
Hawaii
hawwkey
HDR
Health
hearthstonecirclejerk
HeavySeas
heavyvinyl
HelloInternet
HentaiManga
HerbGrow
HerBush
HeresAFunFact
Heroclix
HeroesandGenerals
HeroesofNewerth
heroesofthestorm
hersheyskisstits
HeyCarl
HFY
HighQualityGifs
HighschoolDxD
Hilary_Duff
HIMYM
hipcleavage
HIPSTERGURLZ
HistoricalWorldPowers
HistoryWhatIf
hockeycirclejerk
hockeygoalies
hockeyjerseys
holdmybeer
holdmyfries
holdmyjuicebox
HoldMyNip
holdmyturban
holdthemoan
holocaust
holofractal
Home
homeautomation
Homebrewing
homegrowntits
HomeImprovement
HomemadeNsfw
HomeNetworking
Homesteading
homeworld
homura
Honda
HongKong
Horses
Hot100
HotBlackChicks
hotcelebsco
Hotdogging
HotGirls
HotlineMiami
HotLohan
Hotness
Hotwifecaption
House
HouseMD
htcone
htgawm
HTML
httyd
HugeDickTinyChick
hugefutanari
HumanFanClub
humblebrag
humorousreviews
HungryButts
HunterXHunter
Hunting
HuntsvilleAlabama
Huskers
HVAC
iamatease
iamverysmart
iateacrayon
Iceland
IconicImages
IDAP
idarb
IdiotsFightingThings
IDrawMuhammad
ifttt
Ifyouhadtopickone
IgnorantImgur
Ijustwatched
ilerminaty
ILiveIn
illegaltorrents
Illustration
im14andthisisdeep
Images
ImagesOfHistory
ImageStabilization
ImaginaryBehemoths
ImaginaryBoners
ImaginaryCityscapes
ImaginaryDinosaurs
ImaginaryDragons
ImaginaryEquestria
ImaginaryHistory
ImaginaryHorrors
ImaginaryJedi
ImaginaryKanto
ImaginaryLeviathans
imaginarymaps
ImaginaryMiddleEarth
ImaginaryMutants
ImaginaryOoo
ImaginaryStarscapes
ImaginarySteampunk
ImaginaryTurtleWorlds
ImaginaryWesteros
ImaginaryWildlands
ImaginaryWizards
imaginedragons
IncestGifs
IncestPorn
incremental_games
Indiana
indianpeoplefacebook
IndiansGoneWild
IndieGaming
indieheads
Indiemakeupandmore
infertility
InfertilityBabies
Infographics
InjusticeMobile
Innie
InsaneCringePosse
instahotties
instantbarbarians
instant_regret
Insurance
insurgency
Intactivists
Integral
Intelligence
Internet
InternetKillers
internetparents
interstellar
INTP
intrusivethoughts
invasivespecies
InvisibleBicycles
Invites
Iowa
IowaCity
iPhoneDev
iRacing
ironmaiden
IronThronePowers
IronThroneRP
IsItBullshit
IslamUnveiled
Island
Israel
Israel2
isrconspiracyracist
ItalyPhotos
ITcrowd
ITSAPRANK
itsaunixsystem
IveFappedToThis
IWantOut
Izlam
jacking
japancirclejerk
JapanTravel
Jazz
jazznoir
Jeep
JeepMemes
jellybeantoes
Jeopardy
jerktalkdiamond
jobuds
Jokes
JonTron
Josh
Journalism
JRPG
Judaism
Juggernips
JulieKennedy
JustEngaged
Justfuckmyshitup
justiceleague
justneckbeardthings
kaGW
kancolle
KanMusu
KanMusuNights
Karmafleet
KatherineMcNamara
Kayaking
KCRoyals
KellyBrook
keming
kemonomimi
KenM
Kentucky
KerbalAcademy
keyholdercaptions
Khan
KiAChatroom
KidCudi
KIKSnaps
KillLaKill
killthosewhodisagree
kindafunny
kings
kinksters_gone_wild
Kirby
Kiteboarding
kitsunemimi
knifeclub
Knifeporn
Knife_Swap
knowyourshit
Knoxville
kohi
k_on
Korean
KoreanAdvice
koreanvariety
korrasami
KotakuInAction
kpopfap
kreiswichs
kurdistan
KylieJenner
LAClippers
LadiesInBlack
ladiesinblue
LadiesInWhite
LadyBashing
LadyGaga
LaissezSquares
lanadelrey
LandRover
LANL_German
LANL_Latin
LANL_Russian
LANL_Spanish
LastNight
lastweektonight
LaTeX
LatinasGW
LaurenCohan
lavaporn
Lawrence
LawSchool
LazyCats
leakthreads
leannecrow
LearnANewLanguage
learndota2
LearnJapanese
learntodraw
Leathercraft
ledootgeneration
LeftHanging
LegalTeensXXX
leggingsgonewild
legwrap
lesdom
Lettering
LevantineWar
lewronggeneration
LGBTeensGoneMild
lgg2
LGG3
LiaMarieJohnson
Liberal
Libertarian
LibertarianLeft
LibertarianNews
LibertarianSocialism
Liberty
Libraries
Life
LifeAfterNarcissism
lifeisabeach
lifeofnorman
Lightbulb
LightNovels
likeus
LindsayElyse
lineups
linuxmasterrace
linuxmemes
listentoconcerts
listentoobscure
littlespace
Liverpool
LiverpoolFC
LivestreamFails
lizgillies
loadingicon
Loans
Lolicons
Lollapalooza
lolMorbidReality
LonghornNation
longstabbything
longtail
longthicknipples
lootcrate
LordsOfMinecraft
LosAngeles
Louisiana
Louisville
Lovecraft
LoveToWatchYouLeave
low_poly
lowpoly2d
lrcast
LSAT
LSD
LucidDreaming
Luna_Lovewell
LushCosmetics
lyndsyfonseca
MAA
MachineLearning
Machinists
MaddenBros
MaddenMobileForums
MaddenUltimateTeam
MadokaMagica
madtekkers
Magic
magicbuilding
magicTCG
maille
Maine
mainecoons
makeaband
makemychoice
Makeup
MakeupRehab
makeyourchoice
MaleArmpits
malepornstars
mallninjashit
Malware
MAME
manbuns
MandelaEffect
Maps
MariaRyabushkina
Marijuana
Mario
mariokart
Markiplier
MarkMyWords
marriedredpill
Mars
Marvel
marvelheroes
Marxism
Mastiff
Mathematica
maturemilf
maximumfun
Maya
MCNext
MDMA
mealtimevideos
mechanical_gifs
mechmarket
MedievalEngineers
Meditation
mega64
MeganFox
meirl
mellisaclarke
menkampf
MensHighJinx
MensRights
MEOW_IRL
MetaCancerSubDrama
Metal
metaljerk
Metallica
Metalocalypse
Metric
MGTOW
MiaMalkova
Miami
michaelbaygifs
Michigan
michiganbeer
Mid_Century
MiddleEastNews
MiiverseInAction
milanavayntrub
mildlypenis
MildlyStartledCats
MilenaVelba
Milfie
milf_nowandforever
Military
MilitaryGfys
MilitaryStories
MillerPlanetside
millionairemakers
milliondollarextreme
mindcrackcirclejerk
Minecraft
MineGrumps
MineralPorn
Minneapolis
minnesotaunited
MissingPersons
mistyfront
mitsubishi
MkeBucks
MLBTheShow
MLS
MMA
MMJ
MMORPG
ModelsGoneMild
ModernMagic
Moescape
monster_cocks
MonsterMusume
Montana
Morphs
Morrowind
MortalKombat
MosinNagant
Motivatinggiraffe
moto360
Motocross
MotoG
Motorrad
MotoX
MouseReview
Moustache
MouthWideOpen
movie_nudes
MRW
MST3K
MTB
MtF
MTGLegacy
muacirclejerk
muacjdiscussion
MuayThai
MUD
muglife
Multicopter
Muse
Music
MusicMishaps
MusicNews
Musicthemetime
Mustang
mutt
MW2
mycleavage
mylittleandysonic1
MyPeopleNeedMe
Nagato
namenerds
Nanny
Naruto
NASCAR
NASLSoccer
NatalieDormer
NationalSocialism
NativeAmerican
NatureGifs
natureismetal
naturists
naut
nbacirclejerk
NBAGIFS
NBAimages
nbaww
NCSU
Nebraska
neckbeardstories
Needafriend
Neil_deGrasse_Tyson
NeoFAG
Nerf
Netfluff
Netherlands
NEU
NewMexico
NewOrleans
NewRussia
newsokur
NewTokyoGirl
NewToTF2
newtothenavy
NewYorkIslanders
nexus4
Nexus5
nexus6
Nexus7
NHLHUT
NHLStreams
niceb8m8
niceguys
Nicki_Minaj
NiggerFacts
niggerspics
nightvale
nintendomusic
Nirvana
Nisekoi
Nissan
nl_Kripparrian
NLSSCircleJerk
NLTP
NoFapChristians
Nokia
NoMansSkyTheGame
NonAustrianEconomics
nonononoyes
Nootropics
normalboots
NorthCarolina
Northwestern
Norway
nosgoth
NoShitSherlock
NoSillySuffix
nosneeze
no_sob_story
notcosplaygirls
notebooks
NotFoolingAnybody
nothingbutheels
notits
notreallyfamous
NotTimAndEricPics
NotYourMothersReddit
NovaScotia
NowYouReallySeeMe
NPR
NRIBabes
NSALeaks
nsfw2048
NSFW411
NSFWCostumes
NSFWCute
nsfwgif
NSFW_Hardbodies
NSFW_HTML5
NSFW_Plowcam
NSFWPregnancy
NSFWskyrim
NSFW_Snapchat
nsfwxpost
nubilefilms
NuclearThrone
NudeSelfies
NukedTheFridge
nvidia
NYCFC
nycpics
NYYankees
Oaxaca
ObjectiveC
Objectivism
ObscureMedia
OCD
ockytop
OCPoetry
Oddball
oddlysatisfying
ofcoursethatsathing
ohh
Ohio
OhioStateFootball
Oilporn
oldpeoplefacebook
Omaha
omgbeckylookathiscock
OneInOneOut
oneplus
OneTrueBiribiri
OneTrueTatsuya
Onlyonestories
Onodera
OopsDidntMeanTo
OpenPV
OppaiLove
OpTicGaming
orangeisthenewblack
orchids
OrganicGardening
orgasmiccontractions
OrlandoMagic
Ornithology
orphanblack
OSHA
OSU
osugame
OttawaSenators
Outdoors
outercourse
OutOfTheLoop
OutreachHPG
outrun
OVER30REDDIT
Overwatch
Owls
pacers
PacificNorthwest
Padres
palatecleanser
Paleo
Paleontology
Palestine
palletfurniture
panelshow
papgrappen
Parahumans
Paranormal
pardan
Pareidolia
Parenting
Parkour
ParticlePhysics
passtheparagraph
pasties
Patchuu
Pathfinder
pawg
PAX
paydaytheheist
pbsideachannel
PCH
PeaceCorpsVolunteers
Pegging
pegging_unkinked
pelfie
Pelotongifs
Pennsylvania
pens
PeopleBeingJerks
Perfectfit
perktv
Permaculture
personajerk
personallyyours
petite
PetiteGoneWild
petpictures
Pets
PFJerk
Philippines
PhillyUnion
PhilosophyofScience
phonelosers
PhotoClass
PhotoshopRequest
PHP
Physics
picsonly
Pictures
Pikmin
pillowtalkaudio
Pink
PipeTobacco
pippiterlp
Piracy
Pixar
PixelDungeon
Pizza
PKA
pkmntcgcollections
Planetball
PlayingGuitar
PlayItAgainSam
playmindcrack
playrust
PlazaAndalucia
ploompax
ploungeafterdark
Plumbing
Pmsforsale
POCLadyBoners
podemos
Poetry
PointlessStories
pokemoe
PokemonInsurgence
PokemonPlaza
pokemonshowdown
Polandballart
policeporn
PolishGauntlet
politesociety
PoliticalHumor
PoliticalPhilosophy
PoliticalScience
politota
Polska
Pomeranians
Pomf
PopCornTime
PornGifsbyBot
porninfifteenseconds
PornstarRating
Portal
porterrobinson
Portland
postnationalist
potatosalad
Pounding
POVTranny
PowerMetal
PowerShell
Pragmatism
Predators
preggohentai
Prematurecelebration
Presenting
presshearttocontinue
PrettyOlderWomen
Prismata
ProGolf
programmingcirclejerk
ProgrammingLanguages
ProLiveSound
PS2Cobalt
PS4Deals
PS4Planetside2
PSP
Psychedelic
Psychonaut
ptcgo
PublicBoys
PublicFreakout
Puffies
Pulldown
Pumpkins
punchablefaces
Punkskahardcore
PuppyBellies
PuppySmiles
Purdue
pureawesomeness
PurplePillDebate
PushBullet
PussyJuices
PussyMound
PussyPass
pussypassdenied
PuzzleAndDragons
PvZGardenWarfare
pxifrm
Python
qotsa
QuakeLive
QUALITYanime
QuantumComputing
Quebec
quityourbullshit
Radiology
raidsecrets
raisedbynarcissists
raiseyourdongers
RallyPorn
RamageLifeQuotes
randomactsofamazon
RandomActsofCards
randomactsofcsgo
RandomActsOfMuffDive
RandomActsOfNSFW
randomactsofsteam
rapbattles
RationalPsychonaut
RATS
rawcelebs
razer
realbrides
realmilf
realmoms
realscatgirls
realtech
RecruitCS
reddCoin
RedditArmie
redditblack
RedditCribs
RedditDads
redditdonate
RedditInsider
RedditorCum
REDDITORSINRECOVERY
RedditWritesSeinfeld
RedDwarf
RedLetterMedia
redneckengineering
redneckfixes
RedPillWomen
Redskins
RedvsBlue
Relax
RemyLaCroix
Reno
Repaintings
RepKickz
Reprap
Repsneakers
Republican
researchchemicals
ResentfulAnimals
respectthreads
retouching
retrobattlestations
ReverseEngineering
reversegif
Ribcage
rickandmorty
RimWorld
riskofrain
roadhead
roblox
Robocraft
Rochester
RoCirclejerk
Rockband
RockClimbing
rocketbeans
Romania
Romney
ronandfez
roostertube
Rottweiler
RoundtablePodcast
Rowing
RSOC
RUGC
RUG_Leeds
RugsOnly
rule34_comics
rule34feet
rule34pinups
runwaynudity
RWBYNSFW
S2000
Saber
Sacramento
sadboys
SaintsFC
SakuraGakuin
SaltLakeCity
samoyeds
SandersForPresident
SanJose
SanJoseSharks
SantaBarbara
SauceforNSFWads
saudiarabia
SavageGarden
SCAcirclejerk
Scally
Scams
Scandal
Scary
SCHLAND
Scholar
SchoolIdolFestival
SciFiScroll
Scotch
ScotchSwap
Scotland
ScottishFootball
SCREENPRINTING
Screenwriting
Scrolls
SealsWithClubs
seaporn
SeaSquared
Seattle
SEC
secretfans
SecretSteamSanta
seinfeldgifs
SelfDrivingCars
selfharmpics
SelfSufficiency
seniorkitties
SEO
Serendipity
serialpodcast
SexiestPetites
SexInFrontOfOthers
SexPositive
Sexsells
sexstories
sexting
SexToys
SexWorkers
Sexy
Sexy_Ed
Sexyness
Sexysasha20
sexytgirls
SexyTummies
SexyWomanOfTheDay
SF4
SFstories
SFWPornGifs
shadowofmordor
shallowhouse
Sharktits
shestillsucking
shield
Shihtzu
ShirtRedditSays
ShitAmericansSay
ShitCrusaderKingsSay
ShitGhaziSays
ShitJamesSays
ShitLiberalsSay
shitpost
ShitRConservativeSays
shitsocialismsays
ShittyAnimalFacts
shittydarksouls
ShittyDebateCommunism
shitty_ecr
shittyideas
ShittyMapPorn
shittynosleep
shittyrobots
shittysmashgifs
shittytumblrgifs
shockwaveporn
Shortfilms
shotacub
showercoffee
showerquestions
ShowOffYourCharacter
Siamesecats
SicRS
SideProject
SigSauer
SiliconValleyHBO
silkysmoothmusic
sillygirls
SimCity
simcity4
SimplePlanes
simps
Singlets
sissyhypno
Sissyperfection
sixers
SJEarthquakes
sjwhate
Ska
SketchComedy
skyrimdadjokes
Slackline
slavelabour
slavs_squatting
Sleepycabin
slingtv
Slipknot
slipperfaces
SLO
SlowTV
slutsbedrunk
SluttyHalloween
SluttyStrangers
slutwife
sm4sh
smashart
smashcirclejerk
smashgifs
snapchat
snapchatboobs
snapchat_sluts
Sneakers
Sneks
SNL
snowden
soccernerd
SocialEngineering
socialjustice101
SoftcoreJapan
SoFuckable
Solasmancers
SolForge
Songwriters
Sonsofanarchy
SonyXperia
sophiabadventurerlog
sophieturner
SORG1_IC4
SOS
SoundersFC
soundporn
SourcePornMaker
SouthAfricaPics
soylent
SpaceBuckets
spaceengine
spaceengineers
spaceflightporn
SpaceGifs
specializedtools
SpeculativeEvolution
spelunky
Spintires
SplitDepthGIFS
Spokane
Spongebros
sportsarefun
spreadeagle
SpreadEm
spreading
springfieldMO
SQL
SQLServer
SquaredCirclejerk
squirrelgifs
SR71
SRVsPlayground
SS13
ssbbw
SSBM
SSBPM
stadiumporn
Standup
StandUpComedy
stanisms
Staples
starblecch
Starcitizen_trades
StardustCrusaders
Stargate
Starmade
StarshipPorn
starterpacks
StartledCats
StarWars
StarWarsEU
StarWarsLeaks
starwarsrebels
stateball
Steam
StephenFry
Steroidsourcetalk
stevenuniverse
Stims
StLouis
StockMarket
StockportCounty
Stoicism
StomachDownFeetUp
StopTouchingMe
storytellingvideos
StraightGirlsPlaying
strandeddeep
strawberrycouture
StreetFights
streetphotography
StretchingIt
strife
StrikeWitches
Strippersonthejob
studentloandefaulters
StudentLoans
StudentNurse
Stuffers
StuffOnCats
StVincentCircleJerk
submechanophobia
submittedstraight
submittedts
subredditcancer
Subwife
succulents
suctiondildos
SuddenlyGay
sugarfreemua
suggestmeabook
SuicideWatch
Sukebei
summonerswar
sunlesssea
suns
sunsetshimmer
Suomi
Superbowl
superheroporn
Supernatural
SupernaturalTV
Supplements
supremerestocksUS
Survival
Survivalist
SushiRoll
suspiciousquotes
svenskpolitik
SVExchange
SwagBucks
swarmsim
SweatyPalms
swedishproblems
sweepstakes
swift
Swimming
swimsuithentai
Swingers
Swirclejerk
Switzerland
SwordOrSheath
Syracuse
syriancivilwar
TAAOfficial
Tabs
Tacoma
TACSdiscussion
TagPro
tailplug
TalentedFucking
TalesFromTheFrontDesk
talesfromthelaw
TalesofFatHate
Tallahassee
TampaBayLightning
TankPorn
TapTitans
TaylorSwiftsLegs
tbulges
Teachers
TeamSolomid
technewz
Techno
TechoBlanco
Techplore
TEFL
TelevisionQuotes
Tennessee
Tentai
TerraBattle
tesdcares
teslamotors
TFABLinePorn
tflop
Tgifs
tgirlselfie
thalassophobia
thank_mr_skeltal
The100
TheAngieCompetition
Theatre
TheAttackPile
TheB1G
thebachelor
TheBlackList
The_Crew
TheDepthsBelow
thedivision
TheFence
theflash
TheForest
thefullbush
THEGOLDSTANDARD
TheGreatWarChannel
thelastofusfactions
thelongdark
TheLosSantosAliens
Themepark
themoddingofisaac
thenetherlands
Thenewsroom
TheOrderGame
TheOrderofEpicurus
TheRealmOfMianite
thereifixedit
TheUltimateBattle
TheVeneration
TheWalkingDeadGame
TheWeeknd
thewholecar
theworldnews
theXeffect
theydidthemath
ThickChixxx
Thighs
ThingsCutInHalfPorn
ThingsThatBlowUp
thomasthedankengine
ThoseEyes
throatpies
Throwers
thuglife
TiADiscussion
TightShirts
tight_shorts
timberwolves
tinabelcher
Tinder
TinderNSFW
ting
TinyAsianTits
TinyHouses
TinyLeaders
tipofmyjoystick
titanfall
titlegore
TitsAssandNoClass
titsquish
Titties
TMBR
tmobile
TMobileCircleJerk
TNA
Tobacco
TokeSpot
Tokyo
TokyoGhoul
tongueoutbjs
Toontown
TopGear
TopMindsOfReddit
topofreddit
TopsAndBottoms
TOR
Torchlight
torpedotits
TotallyStraight
TownofSalemgame
Toyota
ToyotaTacoma
TRADE
transfags
transformation
transgendercirclejerk
Transhuman
trashy
trashyboners
treesmovienight
Treknobabble
Tribes
TributeMe
trippinthroughtime
Triumph
trollfitness
TrollMedia
TrollMUA
TrollXFitness
TrollXGirlGamers
TrollXMoms
trollxporn
TrollXWeddings
TrollYChromosome
Trombone
Trophies
TroveCreations
Trucks
trucksim
TrueBlood
TrueDetective
TrueDoTA2
TrueNorthPictures
TrueReddit
TrueSTL
Tsunderes
TsundereSharks
tuckedinkitties
Tucson
TumblrAtRest
TumblrCirclejerk
Turkey
turning
TuxedoCats
TwinCities
Twitch
twitchplayspokemon
Twitter
TwoandaHalfMen
TwoBestFriendsPlay
Twokinds
TwoXChromosomes
TXTiki
typemoon
UBC
uberdrivers
Ubuntu
UCDavis
UCI
UCSC
UFOs
UIUC
ukipparty
ukraina
UkrainianConflict
ultrahardcore
undelete
underarms
Underbun
UnderwearGW
unexpectedjihad
UnexpectedThugLife
UnexplainedPhotos
unfilter
unitedstatesofamerica
Unity2D
UnnecessaryCensorship
unpopularopinion
unturned
UnusualArt
UofT
upherbutt
UpvotedBecauseGirl
upvotedbecausegrill
UQreddit
UrbanHell
USC
USContenders
usedpanties
UsefulWebsites
UselessInfo
USF
USHistory
USMC
USNEWS
USPE08
Utah
UtahJazz
UTAustin
UUreddit
UVA
uwo
uwotm8
VAC_Porn
vagabond
vainglorygame
vandwellers
vape_memes
VapePorn
Vaping
Vaping101
Vaporwave
VaporwaveAesthetics
vargas
vegancirclejerk
Vegetarianism
veghumor
VentGrumps
Veterans
Veterinary
vexillologycirclejerk
vgb
VictoriaBC
VictorianEra
videogamedunkey
vikingsgonewild
vine
Vinesauce
vintageads
VintageDisney
vintagejapaneseautos
Virginia
VirginiaTech
VirtualFreakout
visualnovelsuggest
Vocaloid
VocaloidDancing
Volkswagen
Volvo
Vore
VSModels
Wake
Wales
walmart
wanttobelieve
wargame
Warhammer
WarOnComcast
waronwomen
WarplanePorn
Washington
washingtonwizards
WastedGifs
WastelandPowers
watch_dogs
Watches
Watchexchange
watchitforthecat
WatchPeopleCode
WDP
Weakpots
WeAreTheMusicMakers
wec
weeabootales
weekendgunnit
ween
WeirdWheels
Wellthatsucks
WesternHentai
Wet_Shavers
WF_Archive
whatcarshouldIbuy
Whatisthis
Whiskyporn
whitebeauty
WhiteIdentity
whiteknighting
WhitePeopleTwitter
whooties
WiggleButts
WikiLeaks
Wildlife
Windows10
WingChun
Winnipeg
winnipegjets
WinPhoneCirclejerk
WoahTunes
wolves
WomenLookingDown
WonderTrade
Woodcarving
WordOfTheDay
Wordpress
Workbenches
WorkIt
WorkOnline
Workoutgonewild
WorldHistory
WorldMusic
WorldNewsRevenge
worldpowers
WorldStarHP
WoT
WouldYouFuckMyWife
WouldYouRather
wowguilds
wowservers
wowthissubexists
WowThisSubExistsNSFW
WQHD_Wallpaper
Wrangler
WrestleWithThePlot
wsgy
WTF
WTF_Florida
WTFJapan
WVU
wwesupercard
WWIIplanes
WWTT
XboxAhoy
xboxone
XboxThemes
XChangePill
Xenoblade_Chronicles
xposed
Xsome
XWingTMG
yarnporn
yarntrolls
YAwriters
YAYamateurs
yee
yiffcomics
YMS
ynab
yogscastkim
Yosemite
youboobers
youdontfeudal
youdontsurf
YouShouldKnow
YUROP
Zappa
ZBrush
ZenHabits
Zippo
Zombie
Zombshell
