100yearsago
1200isplenty
18only
2015readingchallenge
240sx
2spooky4me
3DPorncraft
420_Girls
4ChanMeta
4PanelCringe
4Runner
52weeksofbaking
60fpsGamingGifs
60fpsporn
60sMusic
70smusic
7daystodie
80sdesign
8chan
8muses
90sdesign
90smusic
aa_cups
ABCDesis
abcqwerty123
AbuseInterrupted
AbusePorn2
abv
Acadiana
AceAttorney
acecombat
ACMilan
AddToMyTune
AdiposeAmigos
AdorableDragons
adultery
after_the_shot
Afwcomics
AgainstGamerGate
agentcarter
AgMarketplace
ainsleyeveryday
airboobs
AirBrawl
airsoftmarket
Ai_Shinozaki
AkameGaKILL
Akashin
Aleague
alexandradaddario
AlexisRen
AliceEve
allaccessplaylists
altgonewild
AltisLife
altnewz
altscifi
Amanda_Seyfried
amateurcumsluts
Amateurs_asian
AmateurWifes
Amber_Heard
Amd
amiibo
AmiiboCanada
AMRsucks
AnaheimDucks
anal_gifs
AnalGW
anarchomemes
AncientCivilizations
AndroidMasterRace
AndroidWear
AngelaWhite
angularjs
AnimalTextGifs
animecirclejerk
Animedubs
animegifsound
Anna_Faith
annasophiarobb
ANormalDayInRussia
AntiPOZi
aphextwin
apink
ApocalypseRising
apolloapp
AppNana
april30th2015
Aquaman
araragi
archeage
arcticmonkeys
areolas
Argentinacirclejerk
ArgentinaGoneWild
arielwinter
ArtefactPorn
ArtistLounge
ArtJunkie
AsABlackMan
asamale
Ashens
AshleyBenson
AsianCumsluts
AsianFetish
AsianMasculinity
AsianNipples
AsianPussy
AsiansGoneWild
AskDocs
AskDoctorSmeeee
AskLEO
AskLosAngeles
AskMenOver30
AskRedditAfterDark
AskSF
AskTrollX
asktrp
AskVet
askwomenadvice
asseffect
assettocorsa
AssFartFetish
AssOnTheGlass
AthleticWearPorn
AtlantaHawks
atlbeer
ATPorn
attackontitan
audiosexual
AustralianMakeup
AverageBattlestations
avfc
aviationgifs
AwesomeCarMods
awfuleverything
awfuleyebrows
Awwducational
awwgifs
awwschwitz
awwyea
ayylmao
AZCardinals
babyelephantgifs
babylon5
BABYMETAL
BackgroundArt
BadDragon
badeconomics
BadEverything
badpeoplestories
bad_religion
bakchodi
baseballcirclejerk
BasicIncome
bassnectar
bathroomwisdom
BatmanArkham
Battlefield_4_CTE
BattleJackets
battlewagon
BBCSluts
BBWHentai
B_Cups
Bearswaving
BeatMarket
BeautifulFemales
BeautifulTitsAndAss
BeautyAddiction
beef_flaps
beercirclejerk
beerwithaview
before_after_cumsluts
BeforeNAfterAdoption
behindthegifs
BellaThorne
bertstrips
Besiege
bestofblowjobs
bestofboobies
bestofcollege
BestofCracked
bestofcumsluts
bestoflegaladvice
bestoflingerie
BestOfLiveleak
BestOfOutrageCulture
BestOfReports
bestofteen
BestStreams
betterCallSaul
betternews
BF_Hardline
bigareolas
BigBoobsGonewild
BigBoobsGW
BigHero6
Bigroad
bigseo
bikebuilders
BillBurr
bioniclelego
Birbs
birdsofprey
bishounen
BitcoinMarkets
BitTippers
blackchickswhitedicks
blackcoin
BlackCrime
blackdesertonline
Blackfellas
blackmale
BlackPeopleTwitter
BlackSails
Blep
Blondeass
bloodborne
bloodbornethegame
blop
BlowJob
blowjob_eyes
BlueJackets
Boardgamedeals
bodyshots
Boilermakers
BoJackHorseman
BokuNoHeroAcademia
BondageBlowjobs
BonersInPublic
BoomBeach
boop
BorderlandsPreSequel
borrow
botsrights
Boxers
boxershorts
braceface
bravefrontier
bravelydefault
BravoRealHousewives
breakingmom
BreedingDittos
Bridgitmendler
Briggs
BritishSuccess
BroadCity
Brogress
brokehugs
brunetteass
brushybrushy
Bulges
BullTerrier
bustyamateurasians
bustyasians
BustyNaturals
Buttcoin
butterface
ButtsAndBareFeet
ButtsInJeans
cahideas
cakeday
CalamariRaceTeam
CalgaryFlames
calibrations
CamelToeGirls
Canadian_ecigarette
cassie604
CastleClash
CasualConversation
CasualPokemonTrades
catbellies
CatCircles
CatConspiracy
CatHighFive
CatholicMemes
Catloaf
CatsAreAssholes
CatsInBusinessAttire
CatsInSinks
CatsStandingUp
catsvstechnology
CautiousBB
cavaliers
CCJ2
CelebCumSluts
CelebrityArmpits
CelebrityButts
CelebrityNipples
CelebrityPokies
CelebsBR
CelebSexScenes
CelebsMX
CelebsPrivate
celebsunleashed
cf4cf
CFBOffTopic
cfnm
ChanceTheRapper
changetip
ChangingRooms
CharlotteHornets
CheekyBottoms
CherokeeXJ
Chevy
Cheza2920Playground
ChicagoNWside
chicksfalling
ChiefKeef
ChildrenFallingOver
chiliadmystery
Chiropractic
choking
ChoosingBeggars
Chromecast
churchporn
chvrches
Cinema4D
CinemaSins
cinematographe
CintiaDicker
Cintia_Dicker
circlejerkaustralia
circlejerkpdx
circojeca
cirkeltrek
CitiesSkylines
civbattleroyale
civbeyondearth
civcirclejerk
CivilizatonExperiment
civmemes
CK2GameOfthrones
Clannad
cleganebowl
CLG
ClickerHeroes
ClitDepthGIFs
Club_Nintendo
ClubNintendoTrade
coaxedintoasnafu
cock
cockatiel
cocklady
CodAW
CoDCompetitive
Coilporn
cokrp
ColdWarPowers
coloringcorruptions
Colorslash
comedybangbang
ComicBookCollabs
ComicBookDirectories
comics18_story
ComicWalls
commentgore
CommercialCuts
CompetitiveHS
ComplexionExcellence
ConanTravels
conceptart
ConfessionBear
Conglomera
Connery
consentacles
consoledeals
consolemasterrace
ConspiracyGrumps
Constantine
ContagiousLaughHaiku
ConTalks
ContestOfChampions
CookieClicker
cookingforbeginners
coolgithubprojects
coolguides
CoonTown
copypasta
corejerk
Cosmos
cosplaybutts
couplesgonewild
Coyotes
CozyPlaces
CraftBeer
CraftyTrolls
crashbandicoot
crayonpop
CrazyHand
CredibleDefense
CringeAnarchy
criterion
CrossfitGirls
CrossStitch
crusadersquest
csgobetting
csgolounge
CTFxC
cuckoldcaptions
cuckquean
Cuffed
CullenMancers
curlsinthesquatrack
CurvyGonewild
customhearthstone
cutekorean
D10S
dadjokes
DailyHerald
dailymilf
DailyTechNewsShow
DallasStars
Damnthatsinteresting
danganronpa
dank_meme
dankmemes
DANMAG
DarkEnlightenment
darkestdungeon
DarkFuturology
DarkNetMarkets
DarkNetMarketsNoobs
Dashcam
dashcamgifs
DataHoarder
dataisugly
DatGuyLirik
Datsun
DatV
DaveAndBusters
dawngate
deadmau5
deathgrips
DebbyRyan
DeepGreenResistance
DeepIntoYouTube
DelightfullyAnnoyed
DemiLovato
denvernuggets
DescentIntoTyranny
DesiBeauty
DesirePath
DestinyMemes
DetroitPistons
devops
dfsports
Diablo3Crusaders
Diablo3DemonHunters
Diablo3Monks
Diablo3witchdoctors
Diablo3Wizards
different_sob_story
dillion_harper
DirtyFamilyPhotos
dirtykikpals
disneybound
DiWHY
DIY_eJuice
DIYfail
djiphantom
DMDadJokes
DnDBehindTheScreen
DnDGreentext
dndmemes
dndnext
DobermanPinscher
doge
dogecoin
DogShowerThoughts
dota2circlejerk
dota2dadjokes
Dota2Modding
dotamasterrace
douglovesmovies
DownBra
downloadcodes
Drawn_Horsecock
DrawnSelfBondage
dreamjobs
DRKCoin
DrugArt
drugscirclejerk
drugstoreMUA
drunkvapes
DubbedGIFS
dvdasa
DvZ
dyinglight
dynastywarriors
E30
EAF
Earwolf
eastenders
EatThatPussy
ebola
Ebonyasshole
ecig_vendors
ecr_eu
ECR_Plus
EditingAndLayout
Eesti
ElectricForest
electricians
ElfHentai
EliteDangerous
elitedangerousrefunds
EliteTraders
ElsaHosk
Elsanna
Embroidery
EmeraldPS2
EmilyRatajkowski
EngorgedVeinyBreasts
EnoughLibertarianSpam
EOOD
EQNext
ericprydz
eroticauthors
ETCshow
ethereum
EthnicGirlFacials
eu4
european
EvaGreen
evenmorewild
evenwithcontext
every15min
EverythingScience
EVEX
EvolveGame
ExhibitionistSex
ExNoContact
expertinayear
ExplorePakistan
Exxxtras
factorio
FactsGoneWild
FairyTailRP
fakealbumcovers
fakeid
familyguythegame
fandomnatural
fantanoforever
FantasyLCS
fantasylife
FantasyMLS
fapfactory
FargoTV
FashionReps
fatestaynight
fatpeoplehate
fatpeoplehateGW
Fatsoshop
FBCOpenModmail
fbody
FeelsLikeTheFirstTime
FellowKids
femboy
femdomgonewild
FemmeThoughts
FeMRADebates
FeralPokePorn
FetishItems
FifaCareers
FighterJets
FilthyFrank
FilthyGirls
findapath
FindAUnit
FindTheSniper
fireemblemcasual
FireflyFestival
Fireteams
fireTV
FirstWorldConformists
FitAndNatural
fitbit
fitness30plus
FitshionVSFatshion
Fiveheads
fivenightsatfreddys
FlashTV
flexibility
flightmc
Flipping
Floof
FloridaPanthers
FMK
FMN
FNaFb
FNAFParodyArt
footbaww
fordranger
FormulaE
FreeAtheism
freedonuts
FreeGameFindings
freeuse
fresh_funny
friendsafari
frogdogs
Frontend
Frozen
ft86
FuckArvo
fuckingmanly
fuckmusic
FulfillmentByAmazon
FULLCOMMUNISM
fullmoviesongoogle
FullMoviesOnline
functionalprint
funhaus
funkopop
FunnyandSad
funnyniggers
funrun
FunWithFriends
FutanariPegging
gaijinhunter
galaxynote4
galaxys5
GallowBoob
GameofThronesRP
GamerGhazi
GamerPals
GamerPorn
GameSale
Gamesnews
Gaming4Gamers
GamingChallenges
gangstaswithwaifus
gaybroscirclejerk
GayChubs
gaycumsluts
GayFisting
gayforoberyn
gayincest
GayKink
gaypornhunters
gaystoriesgonewild
GayWatersports
gazorbnik
GearVR
Gender_Critical
GenderCynical
genderotica
gentlemanbonersgifs
GermanRap
GettingDoug
gettingherselfoff
gfur
giantbomb
gif_dump
gifextra
GifsofOtters
gigantic
GilmoreGirls
gingerdudes
gingerguys
girlcameramirror
girlsinplaidskirts
GirlsInTightShirts
GirlsMirin
GirlsWithiPhones
GlobalOffensiveTrade
GlobalPowers
Gloryholes
goddesses
GoneErotic
gonemildcurvy
gonewild30plus
GoneWildScrubs
GoneWildSmiles
GoneWildTrans
gonewildvideos
goodlongposts
goodyearwelt
GoogleCardboard
googleplaydeals
Goruck
Gotham
governmentoppression
graffhelp
GrammarNazi
GrandmotherlyGILFs
GrandTheftAutoV_PC
granturismo
GraphicsProgramming
grateful_dead
GreatApes
greygoo
GroolGoneWild
gso
GTAA
gtaglitches
gtaonline
GTAV
gtavcustoms
gtsim
GuiltyPleasureMusic
guitarcirclejerk
Gunime
gunmishaps
GWbanned
gwcommentsonearthporn
gwcosplay
gwcumsluts
GWNerdy
gwpublic
gwu
h1z1
h3h3productions
hadom
hahawhyamidoingthis
HaircareScience
Hairy
HaloCirclejerk
halomedia
HaloPlayers
Hammers
hamsters
handguns
handsomeguysuglyfaces
Happydogs
HappyWars
hardanal
HardBoltOns
hardendefense
Harmontown
Haruhi
Hatfilms
havoc_bot
hawwkey
hearthstonecirclejerk
HeavySeas
heavyvinyl
HelloInternet
HentaiManga
HerbGrow
HerBush
HeresAFunFact
Heroclix
HeroesandGenerals
heroesofthestorm
hersheyskisstits
HeyCarl
HFY
HighQualityGifs
HighschoolDxD
Hilary_Duff
hipcleavage
HistoricalWorldPowers
HistoryWhatIf
hockeycirclejerk
hockeygoalies
hockeyjerseys
holdmybeer
holdmyfries
holdmyjuicebox
HoldMyNip
holdmyturban
holdthemoan
holocaust
holofractal
homeautomation
homegrowntits
HomemadeNsfw
HomeNetworking
Homesteading
homeworld
homura
Hot100
HotBlackChicks
hotcelebsco
Hotdogging
HotlineMiami
HotLohan
Hotness
Hotwifecaption
htcone
htgawm
httyd
HugeDickTinyChick
hugefutanari
HumanFanClub
humblebrag
humorousreviews
HungryButts
HunterXHunter
HVAC
iamatease
iamverysmart
iateacrayon
IconicImages
idarb
IdiotsFightingThings
IDrawMuhammad
ifttt
Ifyouhadtopickone
IgnorantImgur
ilerminaty
illegaltorrents
im14andthisisdeep
ImagesOfHistory
ImageStabilization
ImaginaryBehemoths
ImaginaryBoners
ImaginaryCityscapes
ImaginaryDinosaurs
ImaginaryDragons
ImaginaryEquestria
ImaginaryHistory
ImaginaryHorrors
ImaginaryJedi
ImaginaryKanto
ImaginaryLeviathans
imaginarymaps
ImaginaryMiddleEarth
ImaginaryMutants
ImaginaryOoo
ImaginaryStarscapes
ImaginarySteampunk
ImaginaryTurtleWorlds
ImaginaryWesteros
ImaginaryWildlands
ImaginaryWizards
imaginedragons
IncestGifs
IncestPorn
incremental_games
indianpeoplefacebook
IndiansGoneWild
indieheads
Indiemakeupandmore
infertility
InfertilityBabies
InjusticeMobile
Innie
InsaneCringePosse
instahotties
instantbarbarians
instant_regret
insurgency
Intactivists
InternetKillers
internetparents
interstellar
intrusivethoughts
invasivespecies
InvisibleBicycles
iRacing
ironmaiden
IronThronePowers
IronThroneRP
IsItBullshit
IslamUnveiled
Island
Israel2
isrconspiracyracist
ItalyPhotos
ITSAPRANK
itsaunixsystem
IveFappedToThis
Izlam
jacking
japancirclejerk
JapanTravel
jazznoir
JeepMemes
jellybeantoes
Jeopardy
jerktalkdiamond
jobuds
JonTron
Juggernips
JulieKennedy
JustEngaged
Justfuckmyshitup
justiceleague
justneckbeardthings
kaGW
kancolle
KanMusu
KanMusuNights
Karmafleet
KatherineMcNamara
KCRoyals
KellyBrook
keming
kemonomimi
KenM
KerbalAcademy
keyholdercaptions
KiAChatroom
KidCudi
KIKSnaps
KillLaKill
killthosewhodisagree
kindafunny
kings
kinksters_gone_wild
kitsunemimi
knifeclub
Knifeporn
Knife_Swap
knowyourshit
kohi
k_on
KoreanAdvice
koreanvariety
korrasami
KotakuInAction
kpopfap
kreiswichs
kurdistan
KylieJenner
LAClippers
LadiesInBlack
ladiesinblue
LadiesInWhite
LaissezSquares
lanadelrey
LandRover
lastweektonight
LatinasGW
LaurenCohan
lavaporn
LazyCats
leakthreads
leannecrow
learndota2
learntodraw
Leathercraft
ledootgeneration
LeftHanging
LegalTeensXXX
leggingsgonewild
legwrap
lesdom
Lettering
LevantineWar
lewronggeneration
LGBTeensGoneMild
lgg2
LGG3
LiaMarieJohnson
LibertarianNews
LifeAfterNarcissism
lifeisabeach
lifeofnorman
Lightbulb
LightNovels
likeus
LindsayElyse
lineups
linuxmasterrace
linuxmemes
listentoconcerts
listentoobscure
littlespace
LivestreamFails
lizgillies
loadingicon
Lolicons
lolMorbidReality
LonghornNation
longstabbything
longtail
longthicknipples
lootcrate
LordsOfMinecraft
LoveToWatchYouLeave
low_poly
lowpoly2d
lrcast
Luna_Lovewell
LushCosmetics
lyndsyfonseca
MAA
Machinists
MaddenBros
MaddenMobileForums
MaddenUltimateTeam
MadokaMagica
madtekkers
magicbuilding
maille
mainecoons
makeaband
makemychoice
MakeupRehab
makeyourchoice
MaleArmpits
malepornstars
mallninjashit
manbuns
MandelaEffect
MariaRyabushkina
mariokart
Markiplier
MarkMyWords
marriedredpill
marvelheroes
Mastiff
maturemilf
maximumfun
MCNext
mealtimevideos
mechanical_gifs
mechmarket
MedievalEngineers
mega64
meirl
mellisaclarke
menkampf
MensHighJinx
MEOW_IRL
MetaCancerSubDrama
metaljerk
MGTOW
MiaMalkova
michaelbaygifs
michiganbeer
Mid_Century
MiiverseInAction
milanavayntrub
mildlypenis
MildlyStartledCats
MilenaVelba
Milfie
milf_nowandforever
MilitaryGfys
MilitaryStories
MillerPlanetside
millionairemakers
milliondollarextreme
mindcrackcirclejerk
MineGrumps
MineralPorn
minnesotaunited
mistyfront
mitsubishi
MkeBucks
MLBTheShow
ModelsGoneMild
ModernMagic
Moescape
monster_cocks
MonsterMusume
Morphs
MortalKombat
MosinNagant
Motivatinggiraffe
moto360
MotoG
Motorrad
MotoX
MouseReview
MouthWideOpen
movie_nudes
MRW
MtF
MTGLegacy
muacirclejerk
muacjdiscussion
muglife
Multicopter
MusicMishaps
Musicthemetime
mutt
mycleavage
mylittleandysonic1
MyPeopleNeedMe
Nagato
namenerds
Nanny
NASLSoccer
NatalieDormer
NationalSocialism
NatureGifs
natureismetal
naturists
naut
nbacirclejerk
NBAGIFS
NBAimages
nbaww
neckbeardstories
NeoFAG
NewRussia
newsokur
NewTokyoGirl
newtothenavy
NewYorkIslanders
nexus4
Nexus5
nexus6
Nexus7
NHLHUT
NHLStreams
niceb8m8
niceguys
Nicki_Minaj
NiggerFacts
niggerspics
nightvale
nintendomusic
Nisekoi
nl_Kripparrian
NLSSCircleJerk
NLTP
NoFapChristians
NoMansSkyTheGame
nonononoyes
normalboots
nosgoth
NoSillySuffix
nosneeze
no_sob_story
notcosplaygirls
notebooks
NotFoolingAnybody
nothingbutheels
notits
notreallyfamous
NotTimAndEricPics
NotYourMothersReddit
NowYouReallySeeMe
NRIBabes
NSALeaks
nsfw2048
NSFW411
NSFWCostumes
NSFWCute
nsfwgif
NSFW_Hardbodies
NSFW_HTML5
NSFW_Plowcam
NSFWPregnancy
NSFWskyrim
NSFW_Snapchat
nsfwxpost
nubilefilms
NuclearThrone
NudeSelfies
NukedTheFridge
nvidia
NYCFC
nycpics
NYYankees
ockytop
OCPoetry
oddlysatisfying
ofcoursethatsathing
ohh
Oilporn
oldpeoplefacebook
omgbeckylookathiscock
OneInOneOut
oneplus
OneTrueBiribiri
OneTrueTatsuya
Onlyonestories
Onodera
OopsDidntMeanTo
OpenPV
OppaiLove
OpTicGaming
orangeisthenewblack
orchids
orgasmiccontractions
OrlandoMagic
orphanblack
OSHA
osugame
outercourse
OutOfTheLoop
OutreachHPG
outrun
Overwatch
pacers
Padres
palatecleanser
palletfurniture
panelshow
papgrappen
Parahumans
pardan
passtheparagraph
pasties
Patchuu
pawg
paydaytheheist
pbsideachannel
PeaceCorpsVolunteers
pegging_unkinked
pelfie
Pelotongifs
pens
PeopleBeingJerks
Perfectfit
perktv
personajerk
personallyyours
petite
PetiteGoneWild
petpictures
PFJerk
PhillyUnion
phonelosers
PhotoshopRequest
picsonly
pillowtalkaudio
pippiterlp
PixelDungeon
PKA
pkmntcgcollections
Planetball
PlayingGuitar
PlayItAgainSam
playmindcrack
playrust
PlazaAndalucia
ploompax
ploungeafterdark
Plumbing
Pmsforsale
POCLadyBoners
podemos
PointlessStories
pokemoe
PokemonInsurgence
PokemonPlaza
pokemonshowdown
Polandballart
policeporn
PolishGauntlet
politesociety
politota
Pomeranians
Pomf
PopCornTime
PornGifsbyBot
porninfifteenseconds
PornstarRating
porterrobinson
postnationalist
potatosalad
Pounding
POVTranny
Predators
preggohentai
Prematurecelebration
Presenting
presshearttocontinue
PrettyOlderWomen
Prismata
ProGolf
programmingcirclejerk
ProLiveSound
PS2Cobalt
PS4Deals
PS4Planetside2
ptcgo
PublicBoys
PublicFreakout
Puffies
Pulldown
punchablefaces
PuppyBellies
PuppySmiles
pureawesomeness
PurplePillDebate
PushBullet
PussyJuices
PussyMound
PussyPass
pussypassdenied
PuzzleAndDragons
PvZGardenWarfare
pxifrm
qotsa
QUALITYanime
quityourbullshit
raidsecrets
raisedbynarcissists
raiseyourdongers
RallyPorn
RamageLifeQuotes
randomactsofamazon
RandomActsofCards
randomactsofcsgo
RandomActsOfMuffDive
RandomActsOfNSFW
randomactsofsteam
rapbattles
RationalPsychonaut
rawcelebs
razer
realbrides
realmilf
realmoms
realscatgirls
realtech
RecruitCS
reddCoin
RedditArmie
redditblack
RedditDads
redditdonate
RedditInsider
RedditorCum
RedditWritesSeinfeld
RedLetterMedia
redneckengineering
redneckfixes
RedPillWomen
RedvsBlue
RemyLaCroix
Repaintings
RepKickz
Repsneakers
researchchemicals
ResentfulAnimals
respectthreads
retouching
retrobattlestations
reversegif
Ribcage
rickandmorty
RimWorld
riskofrain
roadhead
roblox
Robocraft
RoCirclejerk
rocketbeans
ronandfez
roostertube
RoundtablePodcast
RSOC
RugsOnly
rule34_comics
rule34feet
rule34pinups
runwaynudity
RWBYNSFW
S2000
Saber
sadboys
SaintsFC
SakuraGakuin
samoyeds
SandersForPresident
SauceforNSFWads
saudiarabia
SCAcirclejerk
Scally
Scandal
SCHLAND
SchoolIdolFestival
ScotchSwap
ScottishFootball
Scrolls
SealsWithClubs
seaporn
SeaSquared
secretfans
SecretSteamSanta
seinfeldgifs
SelfDrivingCars
selfharmpics
seniorkitties
serialpodcast
SexiestPetites
SexInFrontOfOthers
Sexsells
sexstories
sexting
SexToys
SexWorkers
Sexy_Ed
Sexyness
Sexysasha20
sexytgirls
SexyTummies
SexyWomanOfTheDay
SFWPornGifs
shadowofmordor
shallowhouse
Sharktits
shestillsucking
shield
Shihtzu
ShirtRedditSays
ShitAmericansSay
ShitCrusaderKingsSay
ShitGhaziSays
ShitJamesSays
ShitLiberalsSay
shitpost
ShitRConservativeSays
shitsocialismsays
ShittyAnimalFacts
shittydarksouls
ShittyDebateCommunism
shitty_ecr
shittyideas
ShittyMapPorn
shittynosleep
shittyrobots
shittysmashgifs
shittytumblrgifs
shockwaveporn
shotacub
showercoffee
showerquestions
ShowOffYourCharacter
Siamesecats
SicRS
SideProject
SigSauer
SiliconValleyHBO
silkysmoothmusic
sillygirls
simcity4
SimplePlanes
simps
Singlets
sissyhypno
Sissyperfection
sixers
SJEarthquakes
sjwhate
skyrimdadjokes
slavelabour
slavs_squatting
Sleepycabin
slingtv
Slipknot
slipperfaces
SlowTV
slutsbedrunk
SluttyHalloween
SluttyStrangers
slutwife
sm4sh
smashart
smashcirclejerk
smashgifs
snapchat
snapchatboobs
snapchat_sluts
Sneks
snowden
soccernerd
socialjustice101
SoftcoreJapan
SoFuckable
Solasmancers
SolForge
SonyXperia
sophiabadventurerlog
sophieturner
SORG1_IC4
soundporn
SourcePornMaker
SouthAfricaPics
soylent
SpaceBuckets
spaceengine
spaceengineers
spaceflightporn
SpaceGifs
specializedtools
SpeculativeEvolution
spelunky
Spintires
SplitDepthGIFS
Spongebros
sportsarefun
spreadeagle
SpreadEm
spreading
SquaredCirclejerk
squirrelgifs
SR71
SRVsPlayground
SS13
ssbbw
SSBM
SSBPM
stadiumporn
stanisms
Staples
starblecch
Starcitizen_trades
StardustCrusaders
Starmade
StarshipPorn
starterpacks
StartledCats
StarWarsEU
StarWarsLeaks
starwarsrebels
stateball
Steroidsourcetalk
stevenuniverse
Stims
StockportCounty
StomachDownFeetUp
StopTouchingMe
storytellingvideos
StraightGirlsPlaying
strandeddeep
strawberrycouture
streetphotography
StretchingIt
strife
StrikeWitches
Strippersonthejob
studentloandefaulters
StudentLoans
StudentNurse
Stuffers
StuffOnCats
StVincentCircleJerk
submechanophobia
submittedstraight
submittedts
subredditcancer
Subwife
succulents
suctiondildos
SuddenlyGay
sugarfreemua
suggestmeabook
Sukebei
summonerswar
sunlesssea
suns
sunsetshimmer
Superbowl
superheroporn
SupernaturalTV
supremerestocksUS
SushiRoll
suspiciousquotes
svenskpolitik
SVExchange
SwagBucks
swarmsim
SweatyPalms
swedishproblems
sweepstakes
swift
swimsuithentai
Swirclejerk
SwordOrSheath
syriancivilwar
TAAOfficial
TACSdiscussion
TagPro
tailplug
TalentedFucking
TalesFromTheFrontDesk
talesfromthelaw
TalesofFatHate
TampaBayLightning
TankPorn
TapTitans
TaylorSwiftsLegs
tbulges
TeamSolomid
technewz
TechoBlanco
TelevisionQuotes
Tentai
TerraBattle
tesdcares
teslamotors
TFABLinePorn
tflop
Tgifs
tgirlselfie
thalassophobia
thank_mr_skeltal
The100
TheAngieCompetition
TheAttackPile
TheB1G
thebachelor
TheBlackList
The_Crew
TheDepthsBelow
thedivision
TheFence
theflash
TheForest
thefullbush
THEGOLDSTANDARD
TheGreatWarChannel
thelastofusfactions
thelongdark
TheLosSantosAliens
themoddingofisaac
thenetherlands
TheOrderGame
TheOrderofEpicurus
TheRealmOfMianite
thereifixedit
TheUltimateBattle
TheVeneration
TheWalkingDeadGame
TheWeeknd
thewholecar
theworldnews
theXeffect
theydidthemath
ThickChixxx
Thighs
ThingsCutInHalfPorn
ThingsThatBlowUp
thomasthedankengine
ThoseEyes
throatpies
Throwers
thuglife
TiADiscussion
TightShirts
tight_shorts
timberwolves
tinabelcher
Tinder
TinderNSFW
ting
TinyAsianTits
TinyLeaders
tipofmyjoystick
titanfall
titlegore
TitsAssandNoClass
titsquish
Titties
tmobile
TMobileCircleJerk
TNA
TokeSpot
TokyoGhoul
tongueoutbjs
Toontown
TopMindsOfReddit
topofreddit
TopsAndBottoms
torpedotits
TotallyStraight
TownofSalemgame
ToyotaTacoma
transfags
transformation
transgendercirclejerk
trashy
trashyboners
treesmovienight
Treknobabble
TributeMe
trippinthroughtime
Triumph
trollfitness
TrollMedia
TrollMUA
TrollXFitness
TrollXGirlGamers
TrollXMoms
trollxporn
TrollXWeddings
TrollYChromosome
Trophies
TroveCreations
trucksim
TrueDetective
TrueDoTA2
TrueNorthPictures
TrueSTL
Tsunderes
TsundereSharks
tuckedinkitties
TumblrAtRest
TumblrCirclejerk
turning
TuxedoCats
Twitch
twitchplayspokemon
TwoandaHalfMen
TwoBestFriendsPlay
Twokinds
TXTiki
typemoon
uberdrivers
ukipparty
ukraina
UkrainianConflict
ultrahardcore
undelete
underarms
Underbun
UnderwearGW
unexpectedjihad
UnexpectedThugLife
UnexplainedPhotos
unfilter
unitedstatesofamerica
Unity2D
UnnecessaryCensorship
unpopularopinion
unturned
UnusualArt
upherbutt
UpvotedBecauseGirl
upvotedbecausegrill
UrbanHell
USContenders
usedpanties
UsefulWebsites
UselessInfo
UtahJazz
uwo
uwotm8
VAC_Porn
vagabond
vainglorygame
vandwellers
vape_memes
VapePorn
Vaping
Vaping101
Vaporwave
VaporwaveAesthetics
vargas
vegancirclejerk
veghumor
VentGrumps
vexillologycirclejerk
vgb
VictorianEra
videogamedunkey
vikingsgonewild
vine
Vinesauce
vintageads
VintageDisney
vintagejapaneseautos
VirtualFreakout
visualnovelsuggest
VocaloidDancing
Vore
VSModels
walmart
wanttobelieve
wargame
WarOnComcast
waronwomen
WarplanePorn
washingtonwizards
WastedGifs
WastelandPowers
watch_dogs
Watchexchange
watchitforthecat
WatchPeopleCode
Weakpots
wec
weeabootales
weekendgunnit
ween
WeirdWheels
Wellthatsucks
WesternHentai
Wet_Shavers
WF_Archive
whatcarshouldIbuy
Whiskyporn
whitebeauty
WhiteIdentity
whiteknighting
WhitePeopleTwitter
whooties
WiggleButts
Windows10
winnipegjets
WinPhoneCirclejerk
WoahTunes
wolves
WomenLookingDown
WonderTrade
Woodcarving
WordOfTheDay
Workbenches
WorkIt
WorkOnline
Workoutgonewild
WorldNewsRevenge
worldpowers
WorldStarHP
WouldYouFuckMyWife
wowguilds
wowservers
wowthissubexists
WowThisSubExistsNSFW
WQHD_Wallpaper
Wrangler
WrestleWithThePlot
wsgy
WVU
wwesupercard
WWIIplanes
XboxAhoy
xboxone
XboxThemes
XChangePill
Xenoblade_Chronicles
xposed
Xsome
XWingTMG
yarnporn
yarntrolls
YAwriters
YAYamateurs
yee
yiffcomics
YMS
ynab
yogscastkim
Yosemite
youboobers
youdontfeudal
youdontsurf
YUROP
ZBrush
Zippo
Zombshell
