FapFap
           TheCoolestofAmazon
compDota2
booty
YouShouldKnow
rva
ForeverAloneWomen
windows8
shaving
Random_Acts_Of_Amazon
Texans
gainitmeals
Reformed
Ijustwatched
Bukkake
spongebob
deephouse
HQHentai
asheville
chronotrigger
wow
inspiration
NSFW_GIF
Nootropics
FineLadies
billiards
Stargate
progrockmusic
Palestine
Internet_Box
activism
Torchwood
asustransformer
tryptonaut
Volvo
ExplainLikeImCalvin
investing
traps
chesthairporn
Birmingham
DessertPorn
cinematography
AskTechnology
Dualsport
unt
SpoilerFreeSC
SweetAmateurGirls
Etsy
sexystories
joker
RealPublicNudity
Hips
masserect
electrohouse
freebsd
timelapse
C25K
graphic_design
AdventureRacing
AshleyGreene
NetflixBestOf
entgaming
CampingandHiking
3amjokes
PicsOfDeadKids
Mariners
israelexposed
ExoLife
islam
christinahendricks
latinoamerica
OkCupid
TheWire
creampie
l4d2
opendirectories
deepthroat
finance
nsfwhardcore
Handwriting
arresteddevelopment
celebsnaked
collegebaseball
gayteenpics
stonermetal
daddit
googleplus
Huskers
polandball
LeagueofLegendsMeta
Parenting
CanadaPolitics
IAmAFiction
victoriajustice
RoomPorn
itookapicture
battlefield3
modded
Negareddit
savannah
CallOfDuty
booty_gifs
Nsfw_Interesting_Gifs
tropico
electronicdancemusic
spacedicks
redpandas
Offensive_Wallpapers
cpp
chicagofood
sexygirlsinjeans
arma3
iphoneos
progresspics
Mylittlenosleep
corsets
breakbeat
90daysgoal
kindlefire
NippleRipple
socialanxiety
Insurance
talesfromtechsupport
EvilLeagueOfEvil
SQLServer
southafrica
200Situps
AcademicPhilosophy
Megaten
VictoriaRaeBlack
Cinemagraphs
ns4w
Nirvana
RedditInTheNews
AustralianPolitics
appstate
SarahHyland
amberheard
MilitaryHistory
r4r
infj
worststory
bookporn
AdultLinks
TwinGirls
popping
london
southcarolina
Boobies
appletv
bikesgonewild
abuseporn
rollercoasters
Entrepreneur
rickygervais
Warframe
FL_Studio
blackladies
xxfitness
SexWithDogs
blackflag
chilly
fuckyea
softwaregore
techsupportanimals
niggers
datasets
tifu
mileycyrus
coins
Munich
vim
LadiesofScience
wallpapers
perfectloops
legaladvice
Kickboxing
ambientmusic
Torchlight
Shootmania
criticalwww5681
eastside
anarchafeminism
BubbleButts
pokemonarts
CabinPorn
lookoftheday
AskNYC
clarkson
AgriculturePorn
VanessaHudgens
cripplingalcoholism
Amateur
characterdrawing
longtext
ExplainLikeAPro
90scartoons
TMNT
Spanish
whitecollar
zombies
shittyreactiongifs
tradingfaces
waterpoloboobs
RashidaJones
gonewild
Lightroom
Heavymind
psychogeography
gangbang
OnlineEducation
PrettyGirls
Oddball
thrashmetal
grilledcheese
Miata
SteamGifts
gayporn
HITsWorthTurkingFor
electricdaisycarnival
FWEPP
quiteinteresting
Inception
circlebroke2
DepthHub
boobs
gonzo
InstrumentPorn
Macklemore
Infographics
PoliticalDiscussion
ArmedBirds
4hourbodyslowcarb
cade
shittyengineering
Delightfullychubby
rugbyunion
TheCreatures
Greyhounds
treemovies
fishtank
basement
LeagueOfGiving
BestGamesEver
Spider_Man
Gore
JustOneBoob
halloween
shinybondage
softwaredevelopment
aaaaaatheismmmmmmmmmm
academiceconomics
fatlogic
crappymusic
GTA
WomenOfColour
design_critiques
scaredshitless
Dexter
gameswap
redditores
bioethics
OceanSkys
P90X
TWD
grilling
WorldHistory
SapphoErotic
depression
bachelor_chow
thingstomakeyoudrool
shittyadviceanimals
udk
dcpu
MILFPics
DMB
redditstories
Cisco
pokemontrades
Massdrop
HappyEmbarrassedGirls
CrohnsDisease
Swingers
OrganicGardening
MMFB
fiction
blackops2
TOR
skyrimclasses
socialism
radicalqueers
ZettaiRyouiki
russian
neuro
porn
birdswitharms
plumper
pebble
MotionDesign
interesting
LinuxActionShow
IndoorGarden
LV426
curlyhair
AskHistorians
chillstep
new_right
deaf
Rule34LoL
EatCheapAndHealthy
MMA
kindlefree
aerospace
france
twinks
mbti
mysql
explainlikeimjive
libertariancomics
Brewers
NaziHunting
photoshawwp
casualnintendo
bookexchange
wallpaperdump
worldbuilding
rule34gifs
Minecraft360
Wordpress
sushi
niggasmithstories
SOS
springfieldMO
CyanideandHappiness
AskDad
ProRevenge
texts
GodlessWomen
Trichsters
nonmonogamy
HighResNSFW
Christianity
snackexchange
UCSD
peloton
AngieVaronaLegal
Naruto_Hentai
beards
radioreddit
troll
listentous
Cryptozoology
realatinas
WPLockscreens
navy
InTheStudio
realasianbabes
PokeFake
html5
ChineseLanguage
RageOps
ProComputerTips
TeenSex
gainit
gaysian
Subliminal
photographs
Warthunder
footballstrategy
postrock
cougars
ads
genderqueer
BookNymphs
PocketWhales
24hoursupport
everything
bigdickgirl
grumpycats
ftlgame
fia
homelab
stlouisblues
thewalkingdead
residentevil
Eve
aliens
Smokin
girlskissing
hackerspaces
ronswanson
SocialMediaHotties
Tushy
ihavenomouthandimust
standupshots
Im14andthisisWTF
bbwbikinis
LGBTnews
SoCalR4R
Ghosts
talesfromthejob
GalaxyNexus
truezelda
cigars
AdultMovies
SanJose
DaystromInstitute
sydney
Bulldogs
FoodVideos
smart
frenchally
unix
consulting
Foofighters
martialarts
AntiAntiJokes
circlejerkcopypasta
louisck
ainbowdash
thronescomics
REDDITORSINRECOVERY
chubby
findareddit
antibaw
YouthRights
DrawMyTattoo
Meshnet
Dance
santashelpers
badcompany2
BugWars
ellenpage
redditbooks
creepypasta
FIFA
zelda
TEFL
TheTerminal
NSFWFunny
trianglejerk
trailrunning
ToasterRights
SubredditDramaDrama
retouched
goldredditsays
Nokia
JapaneseFood
NPR
DragonsDogma
britishcolumbia
digg
Design
Psychedelic
systems
classicalmusic
crochet
Rockband
VirginiaTech
RandomActsOfPizza
Thewarondrugs
Android
battlefield4
BearsWithBeaks
selfshots
tomhiddleston
rightinthechildhood
Needafriend
Seattle
ontario
vegas
pearljam
flossdaily
UnsentLetters
Blonde
britishproblems
browncoats
apple
Reno
towncrier
HBL
underwaterphotography
atljobs
TrueAskReddit
chernobyl
colbertreport
TheMentalist
tonightsdinner
Climberchicks
hbo
highheelsNSFW
lingerie
lol
translator
fragrance
Songwriters
ladybonersgw
Jaguars
delusionalartists
grimm
cupcakes
tycoon
merchents
ColoradoSprings
uofrjapanese
1911
ClassicBabes
india
tentporn
PoetrySlam
HealthyFood
LegalTeens
ChristianApologetics
LANL_Russian
rant
DailyShow
redditisland
reddit_fact_check
flightsim
adventuretime
androiddev
sleep
maturewomen
misfitstv
EntExchange
SanJoseSharks
SofiaVergara
buccaneers
techsupportmacgyver
sociology
phish
theratio
MusicInTheMaking
beertrade
amateurs
SavageGarden
FifthWorldPics
libertarian_history
sideboob
entwives
CGPGrey
misleadingthumbnails
Whatcouldgowrong
hockeyplayers
iiiiiiitttttttttttt
puzzles
banjo
Soda
slothporn
90sAlternative
Liverpool
doublelift
dogshaming
stockings
acting
conlangs
tarot
gmbwallpapers
bigbangtheory
CollegeBasketball
poledancing
Breeding
TIFT
OutDoorSex
AskComputerScience
YesterdayOnCracked
weed
GirlswithBodypaint
shittykickstarters
wedding
mysterybox
conspiracydocumentary
ThatLook
singularity
gurrenlagann
LipsThatGrip
CriticalTheory
onetruegod
DrawForMe
americanproblems
GoneWildCD
nsfw_videos
bondr
gearedup
BeefFlaps
podcasts
Stoicism
InfrastructurePorn
MelissaDebling
lebanon
Drugs
kpop
BSD
GreenBayPackers
HighlightGIFS
folkmetal
SlenderMan
raspberry_pi
PHXMeetup
sharkswithhumanteeth
torrents
dogpictures
BlackOps
valve
hookah
AnimalsBeingBros
Iam14andthisisfunny
moviecritic
gametales
lds
TheDarkTower
blacksmithing
dreamcast
GayBroTeens
freelanceWriters
peegonewild
sacrilicious
POVPornVids
upstate_new_york
gmod
MaryElizabethWinstead
cardsagainsthumanity
computers
beachgirls
science
mfacirclejerk
spirituality
asoiaf
ArtSphere
Khan
Dreadfort
togetheralone
Eureka
AlienBlue
benchgifs
Purdue
Pyongyang
Intelligence
banana
bleachshirts
BorderCollie
vexillology
KingkillerChronicle
GermanPractice
gifs
Frat
Gameboy
chuck
BL2Guns
natalieportman
starparty
halifax
drone
TreesSuckingAtThings
dgu
hipsters
androidthemes
TheSurvivalGuide
FinancialCareers
UCSantaBarbara
ModestMouse
PiercedNSFW
primes
occupywallstreet
freegames
JC2
awesome
lifehacks
roosterteeth
celebnsfw
DealsReddit
freemusic
SubredditDrama
mcpublic
fantasyhockey
jennahaze
GirlsinTUBEsocks
vzla
RPI
eldertrees
onejob
Silverbugs
ASPNET
creepy_gif
selfimprovement
internationalpolitics
GrannyPanties
Louisville
HowToHack
ILiveIn
LANL_Spanish
mtgaltered
sfw_wtf
AfterTheCredits
printmaking
tiltshift
OnePiece
ZenHabits
blackpeoplegifs
Volkswagen
camaro
shemale
Shotguns
WtSSTaDaMiT
yishansucks
Columbus
RedditRescueForce
lotrmemes
LexiBelle
ShitBrix
LandscapeArchitecture
sad
fantasybaseball
IndianBabes
Shitstatistssay
UMF
TeaPorn
MechanicalKeyboards
multireddit
Makemeagif
BHMGoneWild
IRstudies
fffffffuuuuuuuuuuuu
bengals
xbox
halfmemes
workgonewild
EarthScience
RateMyNudeBody
illusionporn
workoutgirls
Bass
Accounting
FuckYouImAShark
makinghiphop
ToolBand
australia
simcity
pornography
architecture
youngatheists
realdubstep
TomHardy
audiobooks
Porn_imgur
ems
USCivilWar
Gangstanimals
PerfectPussies
GakiNoTsukai
LastNight
bimbofetish
androidcirclejerk
SRSQuestions
Alabama
TalesFromTheCustomer
amateurfights
tipofmytongue
PS
Borderlands2
hitchhiking
riseagainst
minecraftschematics
asianbabes
roguelikes
JGL
SurplusEngineering
Disco
mathbooks
futuregarage
animation
SRSGaming
pics
listentothis
afghanistan
Realamateur
Hecklers
reactionpics
secretsanta
nsfwcelebs
Hunting
DebateReligion
nycmeetups
minimal
Brostep
vinylscratch
EnoughPaulSpam
mylittleconspiracy
googlepoems
Page3Glamour
Proofreading
TexasTech
McKaylaMaroney
Fisting
mw3
KitchenConfidential
dust514
Pathfinder_RPG
DumpsterDiving
startups
mead
NoFap
soccerbabes
ragenovels
whatsinthedoor
askseddit
TeachMeToBeOffended
fcbayern
LawSchool
Erotica
HaloStory
awwnime
PastAndPresentPics
AfterEffects
shameless
ginger
shoegaze
DoctorWhumour
LOLStreams
pickle
gaaaaaaayyyyyyyyyyyy
economy
yester
KerbalSpaceProgram
ufl
ScriptSwap
Physics
MinimalWallpaper
Feminism
ragecomics
Mila_Kunis
homefitness
FuckingWithNature
gamemechanics
MLPvectors
sysadmin
gats
golf
Shitty_Car_Mods
logophilia
starlets
realdownblouse
sharepoint
whyineedtoberich
antiwar
BreastExpansion
MichelleJenneke
Genealogy
happygaps
garage
AusFinance
HaloCustoms
commandline
Saints
VintageBabes
trance
Bones
doodleordie
criticism
LoLPracticeMode
vinyl
PAX
zoology
indiewok
wholock
MAME
UnityD
abandoned
grool
whalebait
Ohlympics
NewsCrowd
nerdcubed
computergraphics
Boise
BonerMaterial
gonewildcolor
exposedinpublic
productivity
PHP
MCFC
MLS
StruggleFucking
stocks
dogswearinghats
agi
readablecode
randomsexiness
relationshipadvice
peeling
MetalPorn
dyke
TreesSuckingOnThings
HIFW
doujinshi
americanpirateparty
dwarffortress
treecipes
Motocross
StLouisRams
ArtPorn
TimAndEric
MLPLounge
RockClimbing
merlinbbc
Beatmatch
Watercolor
airsoft
TreeConnoisseurs
sousvide
MetalMemes
TrueClop
Korean
Trannys
JRPG
breastplay
ghostbusters
JasmineLee
Ska
Surface
HuntsvilleAlabama
OldSchoolCoolMusic
CreepyWikipedia
meme
onenation
squidsgonewild
EngineeringPorn
communism
metart
dune
annakendrick
FixedGearBicycle
BreastEnvy
ForeignMovies
Jobopenings
obamacam
tron
NYCbike
madmen
codes
symphonicmetal
mountandblade
printSF
malehairadvice
learnmath
mycology
roasting
Sacramento
jewelry
gravityfalls
Drexel
SRSBooks
SaintsRow
dealhunters
Pottery
TalesFromThePharmacy
GirlsinSchoolUniforms
collared
classicrage
OnOff
northkorea
MiaSollis
altpokeart
erlang
StarWars
CableManagement
UsernamesIllustrated
Filmmakers
SexyFrex
BodyAcceptance
photography
boating
Cshots
WoodNymphs
SampleSize
ftm
deutschland
MyCherryCrush
SuggestALaptop
hiphop101
artshub
O_Faces
FifthWorldRage
WeddingRingsShowing
cringepics
palegirls
giveaways
shittyHDR
minerapocalypse
blakelively
truetech
fountainpens
ketorecipes
pokemonrng
transhumanism
RealGirls
modelmakers
handstyles
CFB
asslick
EndlessWar
Moviesinthemaking
SNL
Nerf
IowaCity
watchpeopledie
youngjustice
fairytail
Debate
fffuuuuckedup
rdtclan
bioinformatics
ThanksObama
geospatial
pornfree
lostgeneration
shorthairedhotties
ChallengeAccepted
ForgottenBookmarks
Database
lowendgaming
SRSMythos
CineShots
FunnyCommercials
mlb
BustyPetite
starbucks
BestOfStreamingVideo
oregontrailproblems
INDYCAR
Objects
dirtysmall
datass
BeardPorn
Browns
whenyouseeit
AndroidUsers
femalefashionadvice
Dredmor
California
sexynsfw
29er
DarwinAward
Cthulhu
microsoft
imgur
GuessTheMovie
fringe
RadicalChristianity
twincitiessocial
flowers
nanowrimo
neurophilosophy
SteamGameSwap
nakedbabes
AmateurArchives
boston
electronic_circuits
simpleliving
Tennessee
Bonsai
bmx
whoselineisitanyway
fsu
MusicNews
Punkskahardcore
AppalachianTrail
radiohead
ipv6
readitnow
opieandanthony
mtgporn
BareMaidens
redditgw
BostonSocialClub
USF
FaithInHumanity
roguelikedev
cringe
camping
arabs
AubreyPlaza
satanism
AskUK
stanford
psychedelicrock
rutgers
ShittySeduction
PressureCooking
PunkGirls
weeksofbaking
recut
Lucy_Vixen
CulinaryPorn
Food_Pantry
DeathProTips
lookwhoimet
AsianHotties
dotnet
DeepSpaceNine
photoit
AdvancedRunning
Dogtraining
daria
Pictures
Marxism
FunniestVideos
melodichardcore
bigboobproblems
climbing
SkincareAddiction
Denmark
minecraftseeds
rap
Blowjobs
groovesharkplaylists
facebookwins
fellatio
reddeadredemption
udub
PCH
firstpage
pinkfloyd
malaysia
Hardwarenews
JennaLouiseColeman
AccomplishedToday
awwwtf
baconreader
BdsmDIY
avocadosgonewild
ender
hentaibondage
bigdata
___
SRSDiscussion
EDM
HighHeels
BirdsBeingDicks
Warmachine
MoundofVenus
WetTshirts
EDC
shittyaskreddit
gaybros
Astrobiology
customization
feedthebeast
SRSMen
Conservative
GearTrade
XFiles
KeepWriting
swordartonline
moronsofscience
watchingcongress
triangle
RedditThroughHistory
pussy
trumpet
Scholar
marijuanaenthusiasts
oaklandraiders
KimJongUnGifs
pornID
Standup
touchpad
trackers
wesanderson
progun
artstore
Fingering
Upskirt
Loans
happyhardcore
MercWithAMouth
forwardsfromgrandma
PhotoClass
hardcoreaww
NSFW_Vids
HairyPussy
nakedcelebs
birdpics
mspainttoday
shittyadvice
PornCentral
ToplessInJeans
CampCult
chelseafc
Wta
futurebeats
movies
House
chicago
combinedgifs
cool
MuayThai
UnrealGirls
Survivalist
AFOL
firstworldproblems
typography
BigBrother
gundeals
Gin
ScenesFromAHat
postmetal
whatIthinkIdo
3dsmax
Buffalo
voluptuousbikinis
Cardinals
Bacon
Borderporn
Biochemistry
CamelotUnchained
Random_Acts_Of_Pizza
NBA2k
Firefighting
195
picrequests
videography
Russianlessons
Temple
bartending
CryptoAnarchy
JordanCarver
tsexual
haskell
Netherlands
StopBullyingComics
MacroPorn
bodybuilding
shittyaskalawyer
lifehack
windows
see
cordcutters
EroticHypnosis
loseit_classic
KINK
Berserk
medical
antisrs
smallbusiness
nanotech
greysanatomy
ketogains
usefulscripts
TMBR
radiocontrol
Techplore
photoplunder
mandingo
RedditForGrownups
lectures
worldwhisky
duolingo
X3TC
bash
fantasybball
MusicNotes
languagelearning
firefall
meat
RuinedOrgasms
facepalm
woodworking
souleater
osdev
SEO
toronto
bridesluts
robertdowneyjr
tales
penguins
EnoughInternet
LabiaGW
USPE08
ecigclassifieds
gaybrosgonemild
killingfloor
LaughOrCry
jambands
premed
badlinguistics
asiantwoX
Knoxville
ElitistClassical
ClashOfClans
redditcon
JusticePorn
boyshorts
SoSE
GirlsinLaceFishnets
thingsforants
alternativeart
Fifa13
stephenking
Exhibitionist
Twitter
resumes
womenlipbiting
insanityworkout
xray
cumcoveredfucking
NonAustrianEconomics
Hotchickswithtattoos
remoteplaces
EdmontonOilers
eroticliterature
inbreeding
HomestarRunner
AnimatedPornGifs
singapore
gameDevClassifieds
Hipsterchicks
Hamilton
kickstarter
TheHallsOfSagan
IrishHistory
ProgrammerHumor
findbostonbombers
insects
sandy
melodicdeathmetal
MLPdrawingschool
Saxophonics
whatstheword
yuri
Mooning
macapps
NewZanada
BarCraft
devils
UrbanSurvivalism
lanparty
RestOf
freebies
ecycle
portugal
randomacts
TOUHOUMUSIC
badphilosophy
IAmA
kpics
donaldglover
9gag
lojban
EcouteCa
vaporents
Kikpals
eCards
Badfaketexts
Kentucky
chile
fortlauderdale
SkyrimProTips
OnlyAnal
Bravenewbies
transit
Strawbale
beetlejuicing
SomebodyMakeThis
EnoughObamaSpam
announcements
talesfromcallcenters
Anxiety
runninglifestyle
bodylanguage
grandrapids
FortCollins
linuxmint
orangered
mcgill
wtfart
flickr
juicybooty
RandomActsOfPolish
pimpcats
UUreddit
90sHipHop
philadelphia
selforganization
FrenchImmersion
yaoi
Austria
jakeandamir
PerfectBabes
classywomenofcolor
Ashley_Tisdale
slimgirls
trans
dresdenfiles
FreeKarma
tabled
OttawaSenators
Presidents
truecreepy
MetaHub
DatingHell
catpranks
asianeats
Groups
AerialPorn
bobdylan
gaymers
wemetonline
gnu
lookatmygirlfriend
barista
LucidDreaming
TheStrokes
pcmasterrace
weirdal
RWBY
worstof
metalgearsolid
parrots
AskReddit
GalaxyNote
WestVirginia
insertions
progmetal
Shoestring
Illustration
arielrebel
baconit
SexyGirlsInBoots
darksouls
skeptic
lesbianfashionadvice
A_Cups
CaribbeanGirls
transtimelines
PicsOfDeadToasters
rwb
supremeclothing
HipBones
roadtrip
lotr
GuerrillaGardening
seethru
astoria
weeklyreddit
PinkandBare
protools
debs_and_doxies
semanticweb
bigboobs
Mars
ArtCrit
Nexus
fashionporn
Hammocks
OneY
DirtySnapchat
allcapsmotivation
malefashionadvice
elderscrollsonline
Spaceexploration
strictlyworldpolitics
dontstarve
HouseHacks
UKJobs
Radiology
florida
mac
easterneuropeangirls
Supplements
Top_Tier_Asses
periwinkle
advertising
bapcsalescanada
sext
androgyny
grunge
nova
google
fuckingphilosophy
textpals
thevenusproject
HoustonSocials
teenxxx
AriaGiovanni
classic4chan
SocialDemocracy
uktrees
ProjectReddit
NewsPorn
VideoEditing
Femdom
manga
SkimThat
ghibli
Dachshund
photoshop
IndianFood
subredditoftheday
ArcherFX
history
beforesandafters
playitforward
nasa
deCrypto
IncestComics
WomenOfColor
Diablo
RepublicOfAtheism
nerdcore
homedefense
SummerGlau
overpopulation
limbojerk
wine
monokini
exoticspotting
nhl
malelifestyle
4x4
modeltrains
windowsphone
whedon
computervision
shutupandbuildthis
GayDaddiesPics
litecoinmining
KeiraKnightley
talesfromdesigners
orioles
Pixar
Themepark
NotableUpcomingEvents
askedreddit
atheismrebooted
athleticfeats
soon
naturepics
elianscript
thesimscc
Madden
webbit
Nsfw_Amateurs
flatcore
RepublicOfReddit
sandiego
alpinism
apps
beach
smalldicks
ProPhotoTips
formula1
Artisan
magicTCG
bassfishing
fatpeoplestories
Lesbients
freedesign
OaklandAthletics
ucla
webmarketing
tvcritic
atlus
barefoot
kinky
CelebrityPussy
talesfromtamriel
nude
truenews
IWW
Beekeeping
evedreddit
cyborgs
rule
chicagotrees
bostonceltics
TeenNSFW
nottheonion
Bottomless_Vixens
audioengineering
PHPhelp
Adelaide
geologyporn
Stahp
paradoxplaza
PokemonMelanite
GT5
fantasyfb
truebestof
Applejack
InternetLegends
RUGC
NCSU
Sporcle
2007scape
KingOfTheHill
hypotheticalsituation
lafemme
allthethings
prowrestling
IntroPsych
canadients
vsangels
vogonpoetrycircle
TwoAndTwoIsFive
oooooooyyyyyyyyyyyy
husky
DowntonAbbey
Python
ShitRedditSays
ravenhaired
dataisbeautiful
raerth
fffffffuuuuuuuuuuuud
RedditBrigade
Muse
Animewallpaper
Shatter
mctourney
EmiliaClarke
musictheory
trapmuzik
SpideyMeme
compsci
snes
rule34
alexandria
girlsinyogashorts
ProgrammingLanguages
spotted
ShittyQuotesPorn
GreekLife
FacebookCleavage
fringescience
CastleTV
ferrets
css
SSX
Charleston
respectporn
financialindependence
girlsflashing
athiesm
happy
halo
chemhelp
javascript
FantasyPL
animenocontext
SketchComedy
Psychonaut
rum
Georgegifs
recordthis
AlignmentCharts
melbourne
LibertarianLeft
downblouse
Pee
corgi
openttd
Parkour
nsfw_gifs
hotties
pimpmyreddit
glassheads
businessschool
jessicaalba
bikewrench
Delaware
nookcolor
moped
UrbanMyths
ouya
Maya
Ameristralia
britpics
AmazonUnder
soccergaming
1000words
occult
LatvianJokes
shrooms
NewToTF2
Shemales
NudeForPublic
EFLcomics
DCJobs
EmoScreamo
nflgifs
GNV
LoLFanArt
skatespotporn
PhotoshopTutorials
GonewildFaces
Sexy_Facebook_Girls
todayilearned
treatemright
UoRPython2_7
shroomers
bleach
farcry
declutter
MyChemicalRomance
oblivion
starforge
nipslip
Guitar
cleavage
BookCollecting
Suomi
migraine
tolkienfans
macsetups
creepy
IndieGaming
modnews
WoWGoldMaking
futureporn
Shortfilms
dirtyr4r
ShinyPokemon
thegdstudio
javahelp
feminisms
Bioshock
geology
gonewildflicks
woweconomy
Kiteboarding
LibertarianDebates
psytrance
revolutionNBC
Compilers
europeanmalefashion
FolkPunk
ConfusedBoners
realmadrid
linuxquestions
boobgifs
hackintosh
astrophysics
paleonews
CelebOops
ProtectAndServe
Chargers
java
Lawrence
ancienthistory
Neil_deGrasse_Tyson
libertarianmeme
casualiama
WilliamShatner
IWantOut
TittyDrop
guineapigs
katyperry
BlackOps2Emblems
longbeach
AceOfSpades
ineedafavor
IncestVideos
Harley
CollegeAmateurs
vintageporn
gonewildstories
comiccon
resilientcommunities
AnythingGoesNews
madisonwi
badasspics
Quebec
mildlyinfuriating
frugalmalefashion
kungfucinema
NonverbalComm
InfernalMachine
motorsports
makeupexchange
raspberrypi
idm
CompanyOfHeroes
CircLoLjerk
FayeReagan
hoggit
straya
tshirtsandtanktops
statistics
HDR
technews
Rammstein
tabletop
Megaman
TwoXChromosomes
ObscureMedia
itmejp
vegetarian
FIFA12
OneParagraph
AsianParentStories
treesdating
MusicBattlestations
ShitGoneWildSays
retrogaming
CafeRacers
carporn
enthouse
comedy
DeFranco
GirlsWithToys
t:1990s
babylon
downtempo
SocialEngineering
TheMakingOf
RATS
gratefuldead
actuary
DenverBroncos
introverts
Survival
RandomActsofMakeup
socalhiking
lexington
HailCorporate
PipeTobacco
Svenska
streetart
ancientworldproblems
ExposurePorn
london_forhire
BlackTapeProject
YoungJobs
Destiny
GetOutOfBed
mmafights
chillmusic
ContagiousLaughter
feet
Ultralight
globalhealth
cumfetish
CAKEWIN
BorderlandsGuns
Psybient
rocksmith
thworldproblems
usenet
Fedora
DownvoteGifs
birding
pagan
WingChun
nonprofit
tarantulas
lacqueristas
environmental_science
hugeboobs
pointandclick
FootFetish
steroids
EDH
thennnow
noisygifs
bloomington
DAE
TestOutfit
Pinups
lonely
gape
Shadowrun
womenofcolorXXX
sexyteengirls
Mavericks
chunky
ChicagoPics
gameassets
rage
ThankYouBasedGod
photomarket
BurnNotice
BravestWarriors
Bisexy
VXJunkies
DaftPunk
ClassyPornstars
Entomology
Dota2Trade
TheLandingStrip
marinebiology
CrusaderKings
NoShitSherlock
wwiipics
starcraft
happycrowds
greentext
badMovies
survivorzero
DarkAngels
AmaCheers
Images
GiftofGames
shittyragecomics
girlsontoilets
grimrock
nutrition
XXX_Animated_Gifs
pansexual
ThePopcornStand
predaddit
papercraft
raggajungle
Kappa
linux
horsemaskgw
Gravure
RBA
facesitting
PrettyGirlsUglyFaces
dubai
John_Frusciante
Hair
angelsbaseball
goats
badparents
jimmies
drupal
phoenix
nsfwvids
Cricket
disney
cad
EarthPorn
AsianAmateurGirls
Buddhism
NaturalWomen
DebateAnAtheist
japanpics
crazyamy
england
simpleios
tf2memes
skrillex
mississauga
Denton
NSFW_NEW
Joymii
waterloo
Monstercat
pokemmo
jailbreak
poppunkers
FREE
Hungercraft
skateboarding
AsianLadyboners
Bento
Gamebundles
USHistory
ColorizedHistory
BDSMvideo
whowouldwin
OPDelivers
penspinning
Cyberpunk
redditchan
Ladybonersgonecuddly
seedstock
cumshot_gifs
redorchestra
boardsofcanada
MINI
Wellington
engineering
Romney
SoundersFC
violinist
reclaimedbynature
treecomics
PoliticalHumor
shamelessplug
mapmaking
SFWRedheads
uofm
belgium
blowjobsandwich
WhatsInThisThing
Athens
stencils
japaneseanimation
psych
Thunder
Maplestory
AskNetsec
FlannelGetsMeHot
BicyclingCirclejerk
PoliticalModeration
DeadSpace
FemdomHumiliation
lovegaymale
PSP
RTLSDR
nin
Art
FearMe
barter
AncientAliens
redhead
HENTAI_GIF
cfnmfetish
energy
gamedev
GamePhysics
xart
smnc
jilling
Trim
ahegao
RandomActsOfBlowJob
autism
Dreamtheater
labor
physicsgifs
PokePorn
Awesomenauts
MECoOp
shakespeare
GaymersGoneMild
dating_advice
paris
apod
questionablecontent
AppEngine
letsplay
Shaboozey
BioshockInfinite
buffy
amateurbondage
spod
intj
DoggyStyle
highereducation
fossilid
Stitchy
comedywriting
PublicFlashing
NSFW_Wallpapers
rush
ask
Youngluck
vikingstv
redsox
improv
UWMadison
weeklynsfw
AmericanPolitics
ParticlePhysics
meninuniform
whatsthisworth
Fishing
mtred
findfashion
republicans
PassionYZ
Handjob
OneDirection
thongs
manchester
MMJ
GhettoHaiku
freehugsbf3
Arkansas
astateoftrance
mazda
Ingress
evangelion
santacruz
estimation
ted
Fluttershy
proper
wisconsin
ronpaul
footballtactics
TheBluePill
Sashagrey
RhodeIsland
49ers
ShittyPoetry
hugenaturals
AnimalCollective
cartoons
glasgow
spaceribs
eebooks
postapocalyptic
ravens
Neuropsychology
clubesteban
skyrim
entourage
LGBTrees
malkovich
explainlikeimfive
UBC
Braves
facebookquotes
AskScienceFiction
cleancode
Pajamas
golang
blackberry
HiTMAN
teslore
FemBoys
AnythingGoesPics
CCW
ketorage
bikecommuting
evolution
hockey
glitch_art
tax
sports
volleyball
gentlemanimals
toycameras
wifesharing
bitcointip
Ghost_in_the_Shell
SRSFeminism
gamemaker
redditrequest
detroitlions
Thetruthishere
randomsexygifs
longisland
teen_crossdressing
everymanshouldknow
ifyoulikeblank
PrimeFreebies
blondehairblueeyes
gonewildcouples
openbroke
animalid
Wrasslin
baldursgate
stopsmoking
greenday
orgasmpics
AdorableArt
anonymous
ChronicPain
curiousplaces
graphicnovels
warehouse13
TalesFromThePizzaGuy
gamingsuggestions
DinosaursOnBicycles
Spiderman
canucks
FightingIsMagic
Creepshots1
Dodgers
AnythingGoesUltimate
serbia
BorednIgnored
SWORDS
thebookclub
leagueoflegends
adventuregames
FreeTeens
Deusex
gentlemenboners
urbandesign
milwaukee
Drifting
Animesuggest
ar15
EntrepreneurRideAlong
GroceryStores
NathanFillion
guyskissing
changemyview
TalesFromYourServer
Rottweiler
indonesia
AudioPost
MilfsAndHousewives
chicagomusicscene
cheeseburgers
Veterinary
katebeckinsale
TrueAtheism
Cornell
twerk
Catacombs
cfbmemes
girls_smiling
chicksinhockeyjerseys
technicpack
RedditBomb
BDSMpersonals
etymology
blues
asexuality
chloegracemoretz
pokies
rhps
wheredidthesodagowild
heteroflexible
AskLiteraryStudies
OpIsAFag
wilfred
latinas
duckduckgo
AndroidQuestions
lookatmydog
bannedfromclubpenguin
COents
PhysicGarden
illinois
aikido
marchingband
BreakUps
Blacklight
country
heat
GraphicDesign
cosplayers
dogs
WTF
QuantumComputing
identifythisfont
sloths
denverjobs
Edmonton
AsianFilms
pokemonconspiracies
rape
fpv
mash
product_design
askscience
worldofwarcraft
BritishLadyBoners
battlefield_4
Economics
MilitaryGoneWild
catreactiongifs
management
rupaulsdragrace
TheRedLion
DebateIt
everquest
AMA
matheducation
statuegropers
Mathematica
alcoholism
SpaceMusic
acappella
SXSW
amazonsales
retiredgif
virtualreality
StarcraftCirclejerk
IGotOut
Shitty_Watercolour
MakeupAddiction
lipbite
testpac
InvestmentClub
CellShots
3Dmodeling
StockMarket
UniversityofReddit
frugalbeauty
JamesBond
bearsdoinghumanthings
malegrooming
Militaryraging
askashittyphilosopher
AnimalsBeingJerks
Nbamemes
electronics
tldr
guns
Virginia
secularbuddhism
HereInMyCar
Warhammer
DestructionPorn
Hawaii
deftones
heythatwasin
FireCrotch
OhGodWhatHaveIDone
faimprovement
stopdrinking
SFGiants
Serendipity
sharedota2
harrypotheads
VolleyballGirls
rockhounds
allrages
hiphopheads
1985sweet1985
Eugene
anime
ParallelWorldProblems
chicagobulls
wiiu
AdviceAnimals
Unashamed
PoliticalScience
laogai
fourthworldproblems
Piracy
alaska
raisingkids
Games
audreyhepburn
nuzlocke
squirting
gloryhole
counter_strike
SFxT
westwoods
dolan
uwaterloo
hentaivids
composer
winemaking
TheBestThingsInLife
askphilosophy
arma
Reprap
acne
IWantToLiveThere
edmprodcirclejerk
upvotegifs
firstimpression
hinduism
transgender
piratenpartei
Photobucketplunder
musicals
EntTreats
Gentoo
ProjectAwesome
nfl
allthingsprotoss
pornvids
girls
Scary
Equestrian
ShipwreckPorn
FallingSkies
LosAngeles
amv
DidYouKnowGaming
naturism
darknetplan
PhilosophyofScience
Screenwriting
vocabulary
masculism
WiiHacks
TheVampireDiaries
gonewilder
sc2partners
Iron
GirlsinStripedSocks
tedtalks
postprocessing
Ducati
atheismbot
linkbuilding
Charlotte
cassetteculture
mmgirls
NewGirl
books
mmagifs
gonewildaudio
gopro
tightdresses
MonsterGirl
rails
Breakfast
RESAnnouncements
WeddingsGoneWild
neopets
socialskills
SteamTradingCards
bracesfetish
lolwallpaper
dbz
drwho
SFBayJobs
yahooanswers
Electropop
SaltLakeCity
NotSafeForNature
CelebrityFeet
ImaginaryTechnology
Money
GlobalOffensive
HardRock
Emma_Roberts
starcraftvods
spotify
myfriendwantstoknow
OffensiveThings
hearthstone
dragoncon
Roadcam
OSU
POV
mariorule34
IndianaUniversity
shittyfoodporn
amazonLP
DIYGear
conspiracies
dirtypenpals
Baking
tattoos
nsfl
Great_Cumshot_Pics
gossip
weeaboo
Magic
OVER30REDDIT
CatGifs
theleaguefx
extreme_hardcore
Maine
gatech
labrador
techsupport
LasVegas
fixit
shanghai
ElderScrolls
TinyHouses
poker
submissive
beerporn
ramen
PassionSex
treemusic
simpsonsdidit
FirePorn
femmit
peacecorps
realadviceanimals
Colombia
SecretSubreddit
Gymnastics
biology
AmericanGovernment
amateur_boxing
beagle
GhettoJerk
facial_sperm
UserCars
ANGEL
sciencefiction
30ROCK
Oriental
TalesFromRetail
MST3K
Tempe
ShittyLifeProTips
bestoftribunal
Umphreys
kateupton
Backcountry
tasker
amazonunder20
wicked_edge
iPhoneDev
getdisciplined
ADHD
arrow
HotInTheKitchen
Bundesliga
unexpectedoutcome
brasil
SolidWorks
WarshipPorn
war
mtgfinance
mindcrack
logisticsporn
yugioh
BattlePaintings
Civcraft
petplay
RedditRePost
chemistry
GoneInsane
StandUpComedy
violentacrez
AustinClassifieds
whatsthisplant
vmware
pranks
sfx
freeforallfashion
asatru
metacirclejerk
atheist
ASIANGONEWILD
C_Programming
ParksandRecreation
exmormon
AskPhotography
nashville
rpg_gamers
stockingtops
computerforensics
LaTeX
JessicaNigri
selfservice
NewOrleans
mypartneristrans
japanese
poi
Good_Cop_Free_Donut
changelog
winterporn
freesoftware
GenX
Watches
TreesSketchbook
motorcycles
GaySex
frontmagazine
Agorism
SRSMeta
drumcorps
RedDwarf
xss
2XLite
GirlswithGlasses
Torontoevents
UCI
sex_comics
fsm
ImaginaryMonsters
greece
guitarpedals
paintball
wsu
Hell_On_Wheels
ocaml
projectcar
UFOs
thatHappened
foodhacks
smoking
WowUI
logo
tablets
zeldaconspiracies
disagreeable
FRC
anachronia
museum
lebowski
dvdcollection
workaholics
whitesox
FrenchHouse
voluntarism
armawasteland
ScarlettJohansson
righttodie
boltedontits
picturesofiansleeping
pigtails
FiftyFiftySFW
amateurlesbians
Metallica
BaileyJay
texas
drugsarebeautiful
aww
law
anal
Dallas
Libraries
lakers
ThickThighs
otaku
GirlsWithBikes
AmateurBoobs
ffxiv
slashdiablo
timetolegalize
Climbingvids
CentOS
Pantyfetish
allthingszerg
flyfishing
happyendings
Torchlight2
buttsex
mylittlealcoholic
mit
beadsprites
AnimatedGIF
GirlsinPinkUndies
mentors
slingbikini
atheism
IndustrialDesign
circlebroke
BollywoodRealism
PandR
funnyporn
IvySnow
TeenKasia
Omaha
pokemonzetaomicron
PortalMaps
educationalgifs
minnesotavikings
SciFiScroll
redditsync
Scotland
culturalstudies
Horses
PornPleasure
Diablo3Strategy
MontgomeryCountyMD
awesomeboobs
bestofnetflix
CarAV
StreetFights
engrish
PCOS
GoogleTV
Welding
MinecraftInventions
Antitheism
mormon
MeganFox
ColorBlind
words
BehavioralEconomics
PhilosophyofReligion
RedditNZB
ukbike
rccars
Eminem
Supernatural
davidtennant
Thrifty
CompetitionShooting
deadmau
gorillaz
starcitizen
whovianents
culture
MovieSuggestions
TransSpace
summonerschool
shittybattlestations
Hotwife
Totallynsfw
OralCreampie
NSFW_Korea
YAMS
tappedout
ShinyPorn
education
libredesign
tech
lordoftherings
SexDolls
AnOralFixation
AskCulinary
smyths
youngporn
Thenewsroom
TrueReddit
kde
learnprogramming
Miss_Ginger_Biscuit
unheardof
falloutlore
synthesizers
SF_Videos
NSFW_Hentai4YOU
GirlsInMessyRooms
UofT
bettafish
BeautyBoxes
nyjets
soccer
Whatsinmycupboard
sysadminjobs
Punk_Rock
ottawa
RepublicOfPics
louie
CryptoCurrency
tipofmypenis
TrueWalkingDead
Helicopters
craftit
entertainment
girlswithfreckles
AnimalsWithoutNecks
Scams
BiGoneMild
Foodforthought
Blink182
marketing
WhatsIn6Ward
distension
FalseFlagWatch
DebateaCommunist
Demoscene
cheatatmathhomework
Whatisthis
amazondeals
Objectivism
Breadit
eagles
AnalPorn
DYR
TrollXChromosomes
TillSverige
nethack
mixes
Relax
castiron
CreamFilled
rearpussy
STORM_TROOPERS
bigwallpapers
2XLookbook
mysteriesoftheworld
photocritique
TrueChristian
festivals
ImaginaryLandscapes
finddit
NSFW_nospam
VegRecipes
AmIFreeToGo
AnimeSketch
Shit_To_Watch_Online
sewing
NYGiants
DestinyTheGame
Learnmusic
CANFreebies
USC
mythbusters
Netrunner
physicsbooks
Metric
BetweenTheBuriedAndMe
latterdaysaints
GIFshop
Pragmatism
GoneMild
Pieces
InternetIsBeautiful
celebgifs
NASCAR
kravmaga
Ubuntu
mangoessss
hairbra
kendalljenner
Dinosaurs
neopagan
Baroque
WildStar
StreetArtPorn
communitygifs
CHIBears
Jobs4Bitcoins
Nujabes
TheAmericans
girlsinyogapants
goodnews
Teachers
LockerRoom
catpictures
VinylReleases
nyc
storiesofwar
TripSit
Aquariums
StonerPhilosophy
GetStudying
japanlife
ludumdare
ExpectationVsReality
HermitCraft
actuallesbians
Terraria
FapDeciders
NoStupidQuestions
teaexchange
AmISexy
Maps
flexi
VintageLadyBoners
IncredibleIndia
croatia
transformers
bikinis
glee
seduction
antiforensics
SNSD
pantheism
GradeMe
Fugly
iran
ContemporaryArt
breakingbad
Pizza
SelenaGomez
JennieJune
Blogging
Dublin
SoccerBetting
dykesgonemild
InMyDay
shewantstofuck
pic
gifsgonewild
Bikeporn
space
winternals
HarleyQuinn
homeland
InteriorDesign
greatdanes
BurningMan
childfree
surfing
wallpaper
cyanogenmod
Xcom
falloutequestria
CuckoldCommunity
Homebrewing
UnresolvedMysteries
KimKardashianPics
newzealand
socialscience
excel
cats
cunnilingus
botany
Stonerswhocare
StonerEngineering
crypto
misc
upcycling
HouseOfCards
I_am_the_last_one
FRUITUNION
indianapolis
legal
bonnaroo
NewsOfTheWeird
ComputerSecurity
badroommates
classicalguitar
swinghouse
Polska
ipadmusic
koreangirls
recordstore
Archery
electronicmusic
stonerrock
leftdead
Dogfort
WritingPrompts
AsianBeauty
dcuonline
Gunsforsale
DebunkThis
GushingGirls
TheRealZachAnner
visualnovels
NaturalBeauty
StencilTemplates
gamegrumps
SantaBarbara
RandomActsOfOralSex
Hedgehog
lowcar
lanterncorps
bigfoot
BabyBumps
commandandconquer
GeriatricPorn
Republican
wargames
ufc
dogswitheyebrows
MusicVideos
gothsluts
Ultimate_NSFW
ancientegypt
GameSociety
PenmanshipPorn
powerwashingporn
pewdiepie
gunpolitics
TrueTrueTF2
relationships
Project420
LSAT
ShouldIbuythisgame
webcomics
bakedart
cumonclothes
sysor
timbers
misophonia
Reds
ukpolitics
Iowa
eu3
puns
NSFW_HotSlut_gonewild
mightyboosh
whiskey
cyberlaws
ravergirl
fashion
Patriots
uspolitics
Liberal
poland
satinpanties
TrollingAnimals
electroswing
selfharm
redditlists
jpop
NSFW3
Wicca
badmothers
ContinueShow
perth
damngoodinterracial
RUG_Leeds
PerfectThighs
WDP
vintageaudio
FloridaMan
Swingersgw
russia
pantsu
DotA2
shareastory
DeadBedrooms
crafts
tulsa
PoliceChases
Life
frenchelectro
underratedmovies
LearnANewLanguage
Orgasms
gonewildcurvy
personalfinance
funny
LadyBashing
toosoon
manass
wtfdidijustread
ShittyEarthPorn
StPetersburgFL
NEU
SilkRoad
Clojure
burstingout
democrats
audiophile
beer
SkyPorn
girlsinleggings
indie
crustpunk
foraging
AlternativeHealth
ecchi
Catan
motivateme
rescuedogs
BABESPORN
WetAndMessy
Athients-
MineZ
JungleFever
TheFacebookDelusion
zyzz
Calligraphy
AnnArbor
WEEDS
Tacoma
pitbulls
arizona
AmateurRoomPorn
SketchDaily
SoundsVintage
Pink
cutekids
MiddleEastNews
GirlWithThePiercings
Porsche
CookingForOne
REDDITEXCHANGE
collegegirls
livestock
p2p
SHHHHHEEEEEEEEIIIITT
FML
mathpics
geek
girlnextdoor
RandomActsOfVinyl
BikingATX
EmmaStone
pyangyong
SaraJUnderwood
cancer
Pipes
KatDennings
chiliconcarne
GODZILLA
write
police
downloadtime
dragonage
exmuslim
bizarresex
Pathfinder
openholes
electro
buildapcsales
Nightlysex
restorethefourth
SRSMailbag
broslikeus
longrange
bikinibridge
git
NarFFL
windowshots
TopAndroidApps
zoidberg
myevilplan
MeetLGBT
TrueTrueReddit
TeraOnline
WorldofTanks
painting
Battlefield
homebrew
mylittlerage
dealwithit
exchristian
MadeMeSmile
urbanexploration
ideas
worldevents
comics
aves
nursing
groupsex
christmas
AutoDetailing
government
collegesluts
DesignJobs
mechwarrior
kittens
NudeBeach
Wales
ElectronicJazz
AdviceAtheists
SkinnyWithAbs
wallstreetbets
deadpool
NewSkaters
HipHopInstrumentals
professionalcycling
getting_over_it
mandolin
guildwars2funny
highseddit
Louisiana
firstgradeproblems
gaybears
footballmanagergames
TrainPorn
liquiddnb
animeplot
FittitBuddy
SOPA
TombRaider
postsecret
BaseBuildingGames
Playdate
orangecounty
metacanada
VictoriaBC
Hipster
CompetitiveHalo
DSLs
harvestmoon
Equality
Barelylegal
nocontext_wallpapers
bachelorchef
PictureChallenge
fifthworldpoetry
backpacking
borussiadortmund
howyoudoin
NovaScotia
YouGotTold
lowimpactlifestyle
ebooks
canberra
beforeandafteredit
fastfood
titfuck
w4b
RisingThreads
urbanplanning
vintagemotorcycles
starcraft_strategy
censorship
HighResASS
linuxadmin
saskatoon
buttplug
sappho
AskEngineers
Planetside
AskWomen
falcons
churning
projecteternity
nsfw_realredheads
linux_devices
JamesDeen
Lesbos
minecraftxbox
men
creepyPMs
emogirls
FiftyFifty
Trombone
techtheatre
ExtraLife
breadboard
Cumberbitches
uncharted
R3VOLUTION
UNITINU
waterporn
Portlandia
cleverbot
soccercirclejerk
highschool
ITcrowd
joelauzon
Scarrapics
SRSWomen
GEB
memphis
askagirl
chemicalreactiongifs
GuildWars
sexyuniforms
Jab
FunkSouMusic
houston
losangeleskings
rubyonrails
Bluegrass
puppy101
triplej
ThriftStoreHauls
AmateurAllure
farcry3
theeternalwar
clevelandcavs
coveredincum
gamemusic
Paleo
stormchasing
Fixxit
Ford
confession
rainbowbar
csbooks
8bit
bookquotes
Bigtitssmalltits
Faces
Curls
terrariums
wii
shittyaskscience
HistoricalWhatIf
redstone
baww
relationship_advice
singing
keyboards
snowgirls
SongStems
Fallout
pokemonwtf
SexPositive
Astronomy
footballhighlights
trueminecraft
LaLiga
whatsthisbug
stunfisk
guitarlessons
MichelleTrachtenberg
Mustang
KarmaConspiracy
GirlsinRippedDenim
TheRedPill
MichiganWolverines
megalinks
speedrun
Alien_Theory
painal
interracial_porn
fffffffuuuuuuuuuuu
WeAreTheMusicMakers
learnandroid
football
learnjavascript
highdeas
StLouis
HotGirls
applehelp
Detroit
SeaJobs
maryland
NigelThornberry
ThisIsWhyImBroke
doppelbangher
DailyDouble
GirlsPlayingSports
maledom
CalPoly
DnD
lacrosse
nature
AdultCorner
lactation
Disapprovalmon
capybara
prolife
folk
thefollowing
help
psychology
siberianhusky
TeamRedditTeams
csshelp
Gundam
GaryJohnson
IDAP
metalworking
LadyBoners
CreepShots
organic
Journalism
continentaltheory
twinpeaks
Cosporn
GunPorn
firewater
blackbookgraffiti
animenews
breakingbadcomics
handbra
AskGames
HomeImprovement
TrueRedditVideos
coversongs
spacecats
hawkthorne
thegap
reasoners
cincinnati
peachfuzz
thelema
TeenMFA
3DS
SecurityAnalysis
CumHaters
RepublicOfFunny
downtimebananas
news
ServerPorn
ClothingDeals
django
minnesotatwins
RedditCribs
gonenatural
NSFWskype
matlab
FractalPorn
patientgamers
chastity
promptoftheday
LibraryofBabel
chillwave
gis
showerbeer
filth
NuclearPower
kindle
Honda
GetEmployed
INTP
IronChef
tanlines
yoga
Libertarian
SquareEnix
NuDisco
OhYou
meta
suits
adventuretrees
marvelstudios
MoviePosterPorn
CityOfLA
AllThingsTerran
thworldproblems
fantasywriters
girlswearingstrapons
GenderEgalitarian
ThatOneRedhead
missouri
hacks
desktops
vfx
ladyladyboners
NorthKoreaNews
GameDealsMeta
Braveryjerk
unconventionalhomes
farming
BaconitWP
CanadianForces
spacex
sweatermeat
GiveMe40Days
DayM
glitch
whatsthisbird
Nexus
thinspo
freelance
Smite
Connecticut
Anarchy
helpit
metalmusicians
MacGyverThis
asktransgender
Facials
Liberty
HackBloc
iOSthemes
rockets
knuckledeepinpublic
ChicagoSuburbs
knives
CinemaD
genomics
WahoosTipi
Showerthoughts
anal_sex
mississippi
EuroGirls
sticker
BostonTerrier
Djent
Scopolamina
freeculture
webhosting
lampwork
IndianFetish
Ornithology
gaeilge
zerocarb
Yogscast
starcraft2_class
HeadBangToThis
Broadway
gamecollecting
tipoftheday
DippingTobacco
democracy
LondonSocialClub
climbharder
AcademicPsychology
vertical
girlswithbangs
men_in_panties
flashlight
LetsNotMeet
Georgia
video
DarkSoulsHelp
internetclassics
RonPaulCensored
charactercrossovers
camwhores
Petloss
Daps
ForeverAlone
nsfw_hd
rollerderby
starbound
cute
iWantToFuckHer
ireland
college
futanari
OperationPullRyan
Norway
diyaudio
MyLittleSquidward
cosplaygirls
mildlyinteresting
quilting
eFreebies
saplings
SRSMusic
animegifs
whitepeoplegifs
brighton
kansascity
AskMen
makingfriends
facialcumshots
Deathmetal
torontoraptors
RandomActsOfTf2
harmonica
gue
Nordiccountries
scuba
GirlswithNeonHair
londonontario
SLO
ambient
RandomActsOfGaming
birdreactiongifs
BronyHate
f7u12_ham
Pitt
lgbtsex
MakeUpFetish
aoe2
shutupandtakemymoney
StackAdvice
Toonami
GWCouples
Magicdeckbuilding
GirlswithPigtails
palletstorage
editors
LaundryDay
deadisland
netflix
Otters
bestof
Excelsior
SheLikesItRough
dragonsfuckingcars
Forex
ihaveissues
tinydick
misogyny
Gamecube
socialmedia
MLPnews
nsfw_GifSound
kotor
PlantedTank
unschool
Paul
TumblrInAction
badcode
WhyWeSmoke
indiangirls
Cubs
Contest
TheSecretWorld
FullmetalAlchemist
EA_NHL
fantasyfootball
solotravel
MissingPersons
trueMusic
redditoroftheday
FrugalFemaleFashion
Synesthesia
RedditDayOf
glutenfree
farmboners
PerfectTiming
GolfGTI
Gunpla
GabenGoneWild
penis
food2
firstworldanarchists
undies
AlysonHannigan
IWantToLearn
MeanJokes
TheCheapestOfAmazon
survivor
AskACountry
saab
LightGraffiti
IsJewBoyMarriedYet
plotholes
onlinegames
theoffice
lesBDSM
sportsbook
HistoryofIdeas
montageparodies
psychopharmacology
LiveFromNewYork
FieldOfKarmicGlory
EngineeringStudents
sips
MedievalHistory
mobilewallpapers
30daysit
DesignMyRoom
GirlsFinishingTheJob
spiders
americandad
visualization
minnesota
bandporn
TheStopGirl
short
AmericanHistory
cablefail
atheistvids
Futurology
lightsalot
Tennesseetitans
asstastic
oregon
breastfeeding
puffynipples
Hiphopcirclejerk
ClassicalMemes
socialcitizens
bookshelf
Pottermore
smokerslounge
basslessons
ScottPilgrim
TRADE
Edinburgh
ethical_living
Nightwing
ActionFigures
iOSProgramming
gooby
MorbidReality
SelfSufficiency
wtfstockphotos
Ohio
AnimalRights
ChivalryGame
funnyphilosophy
mylittlefanfic
HalfLife
Random_Acts_of_Books
Oaxaca
cerebral
Laina
tits
brandnew
HipHopImages
Jeep
lesbians
CuckoldPregnancy
web_design
science
TheBestOfAmazon
sto
LizzieBennet
exjw
BarefootRunning
Pinup
harlemshake
HBOGameofThrones
pregnant
TheBrewery
Playboy
farscape
t:bigbang
femalepov
deism
BlackFathers
PrettyLittleLiars
cableporn
Graffiti
freemasonry
OperationGrabAss
PowerShell
BruceSpringsteen
Israel
CoffeeWithJesus
shittingadvice
love
Cplusplus
Rochester
pcgaming
wetspot
Watchmebanyou
ggggg
jobbit
dungeondefenders
surfinggirls
TiffanyThompson
judo
deals
diabetes
chan
Austin
gaymersgonewild
slp
Vocaloid
ecology
sciencefaqs
counterstrike
kratom
malemodels
carnalclass
electronic_cigarette
TheHangingBoobs
xna
ShingekiNoKyojin
canadaguns
hentai
stalker
ProjectEnrichment
Militaryfaq
castles
brisbane
RealEstate
WeHaveSeenTheButthole
perl
Treespaper
VPN
batman
ReallyFitandThin
Tokyo
Lovecraft
crazystairs
candiceswanepoel
AppHookup
vita
xxxcaptions
csharp
NativeAmerican
Alot
AskAnthropology
telecaster
GreenDawn
blog
straightedge
leotards
ClopClop
Shipwrecks
okc
CollegeLPT
southpaws
rit
ass
UCONN
FallOutBoy
alltheleft
kristenbell
bigbangcomics
thworldproblems
Autos
horror
RepublicOfMusic
ASU
Gaben
mylittlepony
TrueBlood
MilitaryMen
EpicCleavage
trackandfield
HistoryPorn
Colorado
MemesIRL
quoteporn
shittyaskhistory
Drumming
Josh
Michigan
MW2
chomsky
mlpmature
mentalhealth
CheapShark
racism
irc
asoiafreread
Bikini
HIMYM
disneyporn
Owls
Juicing
timetravel
kaleycuoco
Redditropolis
pantyhose
AustralianCattleDog
ripcity
ReefTank
OCD
Albuquerque
CannabisExtracts
Colts
Guelph
TruerReddit
RandomActsOfCookies
AlternativeBeauty
GreaseMonkey
Favors
herpetology
BitMarket
esports
Holmes
freefonts
SuperShibe
shittysocialscience
BackYardChickens
SexyNerds
Metal
weddingplanning
dpgirls
quantum
Cuckold
BlackAtheism
cognitivelinguistics
comicbookmovies
tea
QualityNsfw
melodicmetal
RotMG
CrappyArt
Idliketobeatree
apologizeplease
Metroid
scoreball
PPC
hiphop
SRSBusiness
mylittledamon
tDCS
silenthill
Velo
origami
narutohentai
massage
TrueRedditDrama
retorted
hardwareswap
amateurradio
bootroom
austrian_economics
Hucow
thelastofus
RedditToTheFuture
Sleepparalysis
FestivalSluts
LoLGaymers
HorseMask
WeatherPorn
KansasCityChiefs
Muppets
DioraBaird
beatingwomen
realasians
webdev
climateskeptics
types
OldSchoolCoolNSFW
MusicForConcentration
dishonored
ScaryBilbo
olympia
RetroFuturism
women
Sandman
Bargains
TodayIWore
MideastPeace
OneGameAMonth
AskElectronics
NosleepAudio
DarkSouls2
homeschool
Tulpas
confidence
treesmusic
gadgets
LOLGod
chicagojobs
AirForce
FanTheories
OldenPorn
haiku
subaru
schnauzers
rust
wikipedia
timereddits
gamesell
jacksonville
unintentionalASMR
AnimeFigures
drunk
medicine
gardening
Halo4
ReviewThis
mydrunkkitchen
Dyrus
Pegging
usa
PanicHistory
OnHerKnees
litecoin
ConcertPorn
TinyTits
buildapcforme
skinsTV
Lass
Poetry
ABDL
Philippines
coding
headphones
AcousticCovers
BipolarReddit
TheAgora
vancouver
JapaneseGameShows
karate
genetics
greed
Adoption
mflb
shootingtalk
GamesTheMovie
INGLIN
eatsandwiches
WheelchairJimmy
chickflixxx
ShitPoliticsSays
NotTimAndEric
facebook
gnome
musicgifstation
business
NinaDobrev
aSongOfMemesAndRage
goldenretrievers
topwalls
GonewildAlbums
maru
amazingtop
leafs
harrypotter
SWARJE
HorriblyDepressing
homegym
POLITIC
AgePlaying
shortscarystories
taiwan
offbeat
homestuck
FancyFollicles
InstagramPorn
whatisthisthing
introvert
mathrock
pocketsand
French
kansas
fweddit
Gunners
Jokes
ButterflyWings
mylittlehuman
Africa
DJSetups
tech_house
insomnia
freetoplaygames
ukulele
venturebros
massachusetts
ImageComics
terriblefacebookmemes
LaymanJournals
vermont
nsfw_video
ForeverAloneDating
Interestingstuff
Eragon
carlhprogramming
xboxlive
gamedesign
autogynephilia
DoesAnybodyElse
Bushcraft
slowcooking
geocaching
bboy
mturk
EatingDisorders
amateurgfs
public
Hardcore
OFWGKTA
verypunny
Absinthe
BPD
NakedProgress
exoplanets
bodyweightfitness
MechanicalEngineering
NeutralPolitics
AdPorn
Wildlife
cars
Avengers
cowboybebop
conservation
civ
TILgonewild
Washington
cosmology
gayaww
montreal
netsec
switcharoo
gameai
SpecArt
ICoveredASong
VintageSmut
auslaw
cumshotgifs
AdrenalinePorn
PornGifs
Steam
NOTSONEWREDDITS
legs
iosgaming
GameRanks
BrowseMyReddit
mangonewild
Cleveland
promos
Koans
redditdotcom
TellMeSomethingGood
Bestiality
AdultToons
Sure_Ill_Draw_That
mildyinteresting
getwell
MTB
AlbumArtPorn
media
bestofTLDR
ArchitecturePorn
IAMAFamousArchive
ccna
FutureWhatIf
FanFiction
noiserock
TrueFilm
trains
Brazil
DMT
londonandrews
yankees
canyoneering
MuricaNSFW
gentlemanboners
JenniferLawrence
webdesign
dailyprogrammer
demonssouls
ScienceImages
gggg
katawashoujo
Charcuterie
Waif
Photoessay
playstation
theredditor
CombatFootage
GradSchool
fractals
Anticonsumption
nexus
BMW
moddingguides
ShittyTechSupport
trollscience
StopSelfHarm
teenagers
SimCityStrategy
futurefunkairlines
HouseMD
mwo
piercing
darkstep
DOTA2ARTS
Bitcoin
baduk
newhampshire
underk
Chinese
RealTimeStrategy
booksuggestions
internationalbusiness
52WeeksOfDesign
blackgirls
smashbros
EnterShikari
SF_Book_Club
randomactsofkindness
italy
InspectorSpacetime
arabic
BDSMGW
ShittyTodayILearned
Military
oakland
nsfwasmr
somethingimade
InsightfulQuestions
Calgary
moviemusic
nsfw2
paleskin
UTAustin
gnomoria
DontPanic
againstmensrights
Home
modhelp
GoneWildTube
OhioStateFootball
IdBuyThat
reddithax
Hugeboobshardcore
obama
phillies
sweden
heartwarming
celebrities
AsianGirls
ColoradoAvalanche
ShittyFanTheories
fifthworldproblems
GirlTalk
mixcd
Spartacus_TV
BrentRamboApproves
KindleFreebies
abletonlive
lists
BBQ
Barca
MapPorn
HIPSTERGURLZ
Redskins
nonnude
Vegetarianism
bipolar
wordplay
happygirls
army
truedocumentaries
GrandTheftAutoV
chicagobeer
learnpython
gypsyjazz
4sentencegamereviews
lifeaquatic
ediscover
unitedkingdom
Cubers
GoneWildHairy
China
californication
photoshopbattles
nerdist
titlist
NSFW_PORN_ONLY
curvygirls
badtattoos
philosophy
argentina
lfg
Occupy
bluesrock
igawyrwal
food
Zombie
MassiveCock
Bad_ass_girlfriends
ChatRoulette
moderatepolitics
MicroPorn
nocontext
nihilism
Deepconnection
bears
femalehairadvice
lolgrindr
nosleep
hiking
KateeOwen
minecraftmaps
SRSFunny
sustainability
SQL
hetalia
theology
FIlm
spikes
me_irl
libertarianbestof
dominion
maturewoman
WritersGroup
NobodyCaresApostolate
hugeass
funsized
mfw
WaltDisneyWorld
cumshot
startup
90sTrees
Finland
streamsoccer
gamenostalgia
communism101
toplessamateurs
Assistance
NightOwls
JoeRogan
AsianNSFW
animemusic
CivPolitics
BAbike
sabres
devblogs
oceans
timelinecovers
hoarding
Bustier
askcarsales
WWE
HumanPorn
pinupstyle
chibike
Moustache
snowboarding
newreddits
doodles
NSFWcringe
calvinandhobbes
language
fonts
atheismplus
Sherlock
twilightsparkle
ChocolateStarfish
XboxMinecraft
Astros
vagina
Team_Awesome
CulturalAnthro
KarmaCourt
nes
pcmods
Redditside
redditguild
AndroidGaming
iphone
fossworldproblems
XXX_GIF
TruePokemon
de
hacking
AsianPorn
norge
gaynsfw
fitgirls
KDRAMA
BendingWallpapers
MachineLearning
eyebombing
aviation
MMORPG
olympics
cumshots
titties_n_kitties
gameofthrones
thick
photobomb
swoleacceptance
ungulateteams
sleepy
eyes
Industrialporn
MakeNewFriendsHere
Justrolledintotheshop
RepublicOfPolitics
boyshort
bitchimabus
PokemonROMhacks
Marvel
Minecraft
haydenpanettiere
AskScienceDiscussion
onoffceleb
apathy
Borderlands
wildhockey
BlackMesaSource
gamernews
Mindfulness
Cello
Anarchism
girlsontheirbacks
FacialFun
ColbertRally
Cooking
motogp
SRSIvoryTower
Rainmeter
rawdenim
catvideos
ButtSharpies
rapecounseling
mattsmith
youtubehaiku
thingsmykidsaid
twitless
networking
homeowners
GalaxyS
myog
southpark
Fitness
Enhancement
AtheistHavens
DJs
AdultLinkDump
druggardening
virtualization
voyeurs
fascinating
NSFW_Japan
ak47
birthcontrol
skivvies
jazzyhiphop
gmu
gaygeek
OliviaMunn
gallifreyan
AskPhysics
youtubetitties
confessions
AdamCarolla
FBcovers
psychotherapy
PostHardcore
LearnUselessTalents
scientists
Hungergames
SuddenlyIRealized
AquaJail
Archeology
collegensfw
iastate
climate
BoardwalkEmpire
ragetoons
drugmemes
SFBayHousing
NSFWSector
chromeos
fullmoviesonyoutube
math
nsfw_funny
WWTT
gallifrey
idesignedthis
triathlon
boobbounce
girlsgonewired
GlitchInTheMatrix
youtube
mylittleandysonic
Winnipeg
OralSex
GameDeals
hardware
mexico
agnostic
teentitsandass
Feet_NSFW
Tgirls
bouldering
canada
portlandtrees
gradadmissions
Word_of_The_Day
Models
tennis
asianamerican
HPMOR
CuteGuyButts
howtonotgiveafuck
Montana
amateurasses
writing
ussoccer
academicpublishing
Overgrowth
2012Elections
pathofexile
unixporn
TheSimpsons
freexxxvideos
Naturalgirls
TallMeetTall
protips
veganfitness
hotguyswithtattoos
fbb
ucf
industrialmusic
AnarchistNews
atheistparents
fermentation
SRSSex
NFL_Draft
WTF_Florida
LadyMRAs
buildapc
pinball
powerlifting
Sketchup
DickSlips
tourdefrance
ambigrams
boobkarma
Blacksmith
BeardLovers
software
raw
mashups
StanleyKubrick
Netfluff
miamidolphins
chess
reptiles
AmericanHorrorStory
interview
nyu
pkmntcg
wicked_edge_deals
trap
demsocialist
dykesgonewild
atheistgems
Banished
indepthstories
ShittyFifthWorldPics
iphonehelp
blackhat
PoliticalPhilosophy
KoreanFood
eveporn
natureporn
shorthairchicks
MotivationalPics
UAP
FinalFantasy
ClassicScreenBeauties
Meditation
CommonLaw
AthleticGirls
Basketball
PoliticsPDFs
UVA
almostnsfw
ACTA
sexytimechat
bicycling
b210k
Apocalypse
bjj
montypython
beatles
tumblr
ShittyPhotoshop
CumCovered
Automate
avatar34
Neverwinter
nerdlass
Cartalk
BikeShop
lincoln
RedHotChiliPeppers
BeardedDragons
voluptuous
ABraThatFits
Spanking
QuakeLive
OpiatesRecovery
UCDavis
transgamers
OfficeOlympics
Morrowind
ClassicRock
aggies
mylittlefortress
minecraftsuggestions
PS4
PornStars
homestead
glutenfreecooking
vodka
EroticArt
witcher
crossfit
orchestra
KingdomHearts
unlikelyfriends
morbidlybeautiful
wigglegrams
Kristen_Stewart
Trucks
cogsci
pictureswithpatrick
booklists
Metalocalypse
AbandonedPorn
conan
LinkinPark
BIRDTEAMS
DrugStashes
Ooer
Romania
samsung
Animals
slackerrecipes
whitewater
xmen
Frisson
TallGoneWild
rolltide
MusicAlbums
nsfwoutfits
stare_dad
ProsePorn
bigdickproblems
gallopfrey
species
purplemusic
MitchellAndWebb
microbiology
AbbyWinters
BlowjobGifs
literature
taoism
indepthsports
austinjobs
Freethought
infp
guitarporn
nosurf
washingtondc
codbo
dayzlfg
TheDarkKnightRises
aws
freekindle
datgap
buffalobills
MinecraftCirclejerk
CaptchaArt
BiancaBeauchamp
sneakermarket
CasualMath
gonewidl
DrunkGirls
AskSocialScience
funk
musicians
conservatives
transpassing
SlashGIF
planetaryannihilation
Simulate
asoiafcirclejerk
ancientrome
television
girlsdoingnerdythings
rct
cameltoe
MvC3
opensourcegames
Cheese
hwstartups
opensource
UniSeddit
lgbt
That70sshow
DeadMatter
FinancialPlanning
gamingpc
ShortFilm
TwinCities
zooeydeschanel
gif
Unexpected
Complextro
DecidingToBeBetter
veronicamars
ChristopherHitchens
GreenParty
cmu
BlackMetal
amateurblowjobs
auto
LongDistance
livesound
AnneHathaway
ChurchOfPurpleJesus
rangers
CODGhosts
softies
newjersey
bookdownloads
sexpertslounge
cfnf
Documentaries
abletonclass
LoLeventVoDs
water
unacceptable
tattoo
LANL_Latin
custommagic
fightporn
TheUnderbun
DornerCase
Treewriting
indiecinema
FreckledGirls
countrygirls
tf2trade
BarbaraPalvin
911truth
liquor
Kayaking
oneliners
Corruption
nrl
bartenders
rfelectronics
ADD
spain
Chefit
lusciousladies
lua
node
til
ArtGW
mancave
startrek
Dreams
crime
Chihuahua
totalwar
FoxyLadies
Lightningporn
weather
Hawken
USMC
HybridAnimals
led_zeppelin
PersonalFinanceCanada
SexyAthletes
meetup
SublimeText
NYCapartments
ChicksWithGuns
discworld
juggling
NewsOfTheStupid
Portal
cutouts
GroupOfNudeGirls
Fantasy
wheredidthesodago
xfce
panties
veg
patriciacaprice
troubledteens
wince
futurebeatproducers
SkyrimPorn
BeavisAndButthead
doommetal
programming
CODZombies
Dreadlocks
Coldplay
Awww
NSFW_NudeTeens
FutanariHentai
SFM
martinfreeman
EconPapers
FortPorn
battlestations
AustralianShepherd
loseit
Kirby
BotanicalPorn
rpac
Turnsmeon
neoprogs
goth
Portland
pokemon
Frugal
controllablewebcams
skinnytail
Fifthworldgonewild
d3hardcore
shittyprogramming
ThingsThatAreBadass
oculus
i2p
skyrimmods
AskHistory
Innocent
BadDogs
seinfeld
ns2
ScienceTeachers
aww_gifs
bestofbronze
tabletopgamedesign
EA_FIFA
bugs
Skullgirls
Marijuana
gay
moombahton
AUSfreebies
bostontrees
sooners
answers
mildlydepressing
Grass
Rateme
regularshow
debian
Dentistry
AmateurSelfshot
Thailand
skiing
USNEWS
manlove
HuskyStarcraft
drawing
wheatpaste
postearth
chronianuit
PreggoPorn
PersonOfInterest
cringejerk
selfhelp
austinfood
Fetish1
Switzerland
randpaul
UGA
japan
TrueMetal
ru
shazbot
SurrealGifs
malelivingspace
FeliciaDay
ludology
analogygifs
EndlessSpace
NSFWH
KarmaCourtGazette
SmarterEveryDay
geekguys
Veterans
Wake
HomeworkHelp
superman
tabletennis
bestof2012
ruby
im14andthisisfunny
Canning
CoolCovers
leangains
usability
serialkillers
GeekTool
LibertarianSocialism
sex
IncestPersonals
ENFP
Drama
MachinePorn
flying
MirandaKerr
masseffect
Amsterdam
htc
explainlikedrcox
warriors
Nissan
jennettemccurdy
LaughYouUpvote
tacobell
foreskin
DungeonsAndDragons
illustrator
aspergers
Anthropology
avporn
Mistborn
nflcirclejerk
FuckMarryOrKill
WoT
triphop
DieAntwoord
simracing
bicycleculture
GunItForward
Anjelica_Ebbi
Albany
BuyItForLife
Theatre
mylittledaww
knockers
battlemaps
assinthong
steelers
foxes
relationship_tips
cooperatives
truetf2
GreatPodcasts
milf
LadyGaga
cowboys
Guildwars2
Bombing
LAlist
rootkit
sanfrancisco
cookingvideos
startrekmemes
shibe
3Dprinting
RedditLaqueristas
deathnote
drugscience
basset
bored
magick
germanshepherds
3FrameMovies
bayarea
HTML
xmonad
Scotch
forearmporn
Tribes
powerrangers
humour
piano
hawtness
Northwestern
femalesgonewild
Hooping
healthcare
Clemson
memes
experimentalmusic
preppers
wetfetish
SFstories
columbiamo
YAlit
hackers
Boxer
MotivatedMusic
VinylCollectors
Drag
TheLastAirbender
Agriculture
xbox360
turtle
suicidology
jockstraps
Catholicism
Antiques
bestofdarqwolff
1920s
adultswim
techsupportgore
MURICA
trypophobia
n64
lost
underboob
ChemicalEngineering
randomsexinessgifs
Outdoors
Twistys
tampa
Bad_Cop_No_Donut
umass
physicsjokes
cheats
ifiwonthelottery
FlashGames
DOTA
propaganda
indie_rock
Denver
ThisIsOurMusic
BDSMerotica
circlejerk
creepygaming
NBASpurs
WTFJapan
movieclub
awwnverts
nintendo
minipainting
onions
progressive
tothemoon
drums
Minneapolis
manprovement
exploitation
blender
opengl
askdrugs
AvatarPorn
LifeProTips
MUD
GW2EU
loremasters
drunkencookery
mmo
ruralporn
NUFC
Atlanta
datgrip
arduino
ptsd
nsfw_wtf
yvonnestrahovski
sailing
fragfilms
SonicTheHedgehog
Metalcore
Invites
HeroesofNewerth
needadvice
interestingasfuck
redditgetsdrawn
Bladesmith
streetwear
SwingDancing
Just18
KickassMallCop
BreakfastFood
alcohol
tf2
MilaKunis
ultimate
nerdtattoos
youtubecomments
CityPorn
filmnoir
privacy
asmr
travel
NewMexico
craftexchange
drawsome
emacs
TLDRs
Voyeur
Lost_Films
F1Porn
CatTeamBrotherhood
faceswap
BALLET
opera
JurassicPark
DesignPorn
quotes
beauty
BitcoinMining
porn_gifs
Percussionists
BobsBurgers
lotro
CONCERTTICKETS
LOLDyrus
es
nononono
audio
excatholic
Colorization
Sidehugs
PennStateUniversity
DCcomics
linux_gaming
bristol
berlin
thickloads
DrinkingGames
dino_rawr
SkyDiving
Babes
LunchAtTheY
bladerunner
pianocovers
CubeWorld
canadia
Fencing
googleglass
iamgoingtohellforthis
Stand
BooksAMA
HongKong
robotics
vcu
OpenChristian
FrontPage
hiphoptruth
Paranormal
MechanicAdvice
thighhighs
Scrubs
Pokeents
titler
TexasRangers
FilmIndustryLA
CrazyIdeas
chinchilla
bigonewild
dayton
motivation
androidapps
notinteresting
Spokane
GetMotivated
firefox
fitnesscirclejerk
caps
nfffffffluuuuuuuuuuuu
soundtracks
pushups
astrology
thirdworldproblems
indiegames
Defiance
AlisonBrie
summoners
funnysigns
SexyButNotPorn
linuxnoobs
Tabs
mildlyimpressive
PointsPlus
truegaming
Pumpkins
magicka
DoesNotTranslate
cat_girls
Turkey
uglyduckling
ffxi
Anarcho_Capitalism
minimalism
earthbound
asktrees
ReVenture
msu
sadcomics
nsfwbikini
CemeteryPorn
Slippery
OnceUponATime
ImSavingUpForThis
oklahoma
selfshotgirls
scissoring
moddit
sloth
desmoines
ZombieSurvivalTactics
Naruto
GamingArt
askashittydoctor
TransphobiaProject
FloridaGators
UpliftingNews
vegan
Syracuse
CafeLu
BeautyDiagrams
obscuresubreddits
SRSRedditDrama
EbonyGirls
asshole
HPfanfiction
jobs
GuildWarsDyeJob
realolderwomen
DunderMifflin
jackrussellterrier
Houseporn
hrw
opiates
northernireland
EyeCandy
Eyebleach
loadingartist
3DMA
germany
brokengifs
introvents
iWallpaper
bookclub
emulation
alberta
BacktotheFuture
listentomusic
VeryLargeImages
AdviceHell
PrimeBestOf
carcrash
BTFC
LeagueOfMemes
upskirts
Miami
ketotrees
tardcat
artificial
JosephDucreux
juicyasians
SRSGSM
hardstyle
softscience
forza
PixelArt
Blue
BostonBruins
DirtyGaming
Nipples
Archaeology
choralmusic
conspiracy
swtor
LifeImprovement
snakes
LARP
80smusic
INeedFeminismBecause
egalitarian
musiccognition
ableton
pakistan
retrogameswap
mesoamerica
SuicideWatch
zen
ps3bf3
CuteGayPics
osx
bandmembers
doublebass
thesopranos
Gear4Sale
redwall
CrossView
SCREENPRINTING
trailers
YogaPants
Rabbits
SRSsucks
providence
Slackline
classical
LeftCamera
hydro
lockpicking
amateurteen
programminghorror
howitsmade
gilf
Sexy
Internauts
WikiLeaks
LiverpoolFC
NSFW_China
NorthCarolina
pharmacology
MonsterHunter
karibyron
Glitchhop
LSU
pugs
sailormoon
seedboxes
thewestwing
cocaine
jackwhite
malcolminthemiddle
mobilepicshd
beyondthebump
Fantasy_Bookclub
dubstep
Bobbers
whitepeople
TechNewsToday
Deathcore
htpc
datfeel
sludge
EmmaWatson
bodymods
latin
tall
uplifting
bestofworldstar
worldnews
xxketo
AsianCuties
UKFrugal
diablo3
computing
TeaseMePleaseMe
badtaxidermy
WatchHorology
Coffee
t:heatdeathoftheuniverse
ImGoingToHellForThis
Slender_Man
steamdeals
Nexus10
AdventureTheory
forhire
bugout
Tori_Black
Stoyaxxx
UIUC
ArtHistory
fetish
Tricking
teenboobies-
Frugal_Jerk
Daww
enlightenedbirdmen
scheme
Health
Transmogrification
biotech
fasting
Iseeyou
LetsTalkMusic
DuckDynasty
GillianJacobs
ancientgreece
bdsm
audiojerk
Bondage
Habs
agile
HardcoreSex
SRSCinema
trees
familyguy
humor
lolphp
compscipapers
SimCity
socialwork
theketodiet
starwarsnsfw
Androgynoushotties
survivalhorror
archlinux
mildlyamusing
GreatScenes
notredame
ReadMyScript
ReverseEngineering
neuroscience
susancoffey
Green
projectzomboid
PhotoEdited
arity
thesims
Feels
CRH
mobile
xsmallgirls
recipes
purebattlefield
FilmFaces
RPGhumor
environment
boatporn
veganrecipes
weightroom
xkcd
punk
sales
aquaponics
Pets
asianpeoplegifs
xPosing
nipslips
circlejerkbreakingbad
AutumnPorn
Bellingham
Hypothyroidism
europe
HAWP
CelebFakes
VideoPorn
nerdbait
grammar
forcedorgasms
howardstern
RandomKindness
Iceland
futureworldproblems
NevillePunditry
coheedandcambria
NSFWHotGirls
blunderyears
CuckqueanCommunity
autofellatio
Pokemoncollege
AnimalsBeingDerps
BritishTV
collegehockey
rpg
crossdressing
cleanjokes
oliviawilde
diannaagron
RomeSweetRome
dayz
pantyselling
nsfwcelebgifs
classicfilms
Forts
MyLittleOutOfContext
TrueDepthHub
AnythingGoesNSFW
EntProTips
HardcoreSMP
explainlikeIAmA
Munchkin
ApocalypsePorn
cookwithbeer
Fighters
sexygirls
AdultAnimatedGif
askgaybros
NYCjobs
Transhuman
operabrowser
moviescirclejerk
PSO2
asaakira
Zappa
Glitch_in_the_Matrix
Stance
watersports
fnv
Cyberpunk_Music
hardscience
Astonishing
Ayahuasca
Cheap_Meals
Makeup
Celebs
Luthier
TechnicalDeathMetal
homemadexxx
Stormlight_Archive
worldpolitics
postpunk
NSFW_SEXY_GIF
AntiJokes
calmhands
Internet
curiosityrover
cumsluts
disability
betakeys
Wasteland
reportthespammers
Cascadia
VeganFood
TreesFortress2
DigitalPainting
kol
spaceflight
tarheels
DoubleP
SAO
Ebay
lolcats
realbikinis
fights
Cynicalbrit
gamingnews
d3loot
NaturalRed
bookhaul
Lollapalooza
puppies
caving
UKhistory
SceneGirls
blogs
space_settlement
normalnudes
gaming
rstats
footballdownload
FoodPorn
bourbon
Torontobluejays
Floridar4r
longboarding
marblehornets
bubbling
Lubbock
lookatmyboyfriend
underthemicroscope
BareGirls
classiccars
algorithms
DetroitRedWings
BDSMcommunity
Bowling
wet
StandUpComedians
admincraft
GoodDeedOfTheDay
truegamedev
deepseacreatures
ass_GIFS
overclocking
TheUnderboob
amiugly
braandpanties
legsup
woahdude
TaylorSwift
nook
firefly
politicalfactchecking
Sneakers
self
gamereviews
partymusic
UMD
linguistics
mizzou
aviationpics
stockholm
NYKnicks
wp7dev
strength_training
weddings
GameOffers
nsfwvideos
Saggy
votoc
vintageobscura
nsfwcosplay
leaves
tekkit
hayleywilliams
LearnJapanese
nextdoorasians
RenewableEnergy
fo
BabyExchange
korea
TodayIAte
cryptography
GirlGamers
reloading
ponypapers
TopGear
MilitaryPorn
chiptunes
newfoundland
PowerMetal
closetswap
TournamentOfMemes
RepublicOfNews
Brooklyn
BSG
flicks
emergencymedicine
astrophotography
amazon
ShitCosmoSays
TreeForts
PetitePorn
EmoSluts
RapingWomen
NHLMemes
JennaFischer
supermoto
firstamendment
incest
LoLCodeTrade
MyLittleSupportGroup
magicskyfairy
OffGrid
Alternativerock
bicycletouring
TeacherTales
MLPtunes
Toughmudder
UQreddit
runescape
boardgames
Advice
metametacirclejerk
Blondes
realteens
steampunk
GunsAreCool
heavyhangers
reggae
photoclass
rock
religion
redditguides
knitting
whichbike
seventhworldproblems
StoryTellerBob
running
Ebony
suicidegirls
Warhammer40k
nerdgirls
DiabloWizards
LadiesGoneWild
EscalatingRevenge
craigslist
howto
MetaTrueReddit
Nekomimi
xc
scala
techsnap
laughingbuddha
CrappyDesign
politics
GroupOfNudeMILFs
computertechs
ShitRomneySays
DnB
thesuperbowl
MarketAnarchism
OhCumOn
mcservers
solar
ironman
Stretched
adrenaline
BBWGW
funkhouse
Logic_Studio
WouldTotallyFuck
pharmacy
exgirlfriendpictures
sexscenes
musicfestivals
Ask_Politics
lgbtaww
BusinessIntelligence
publichealth
Reflections
WorldMusic
badhistory
feelgood
karengillan
CFL
auckland
redheads
90s
GeeKnitting
ainbow
LSD
treedibles
adultgifs
Pikmin
Rowing
scifi
cummingonfigurines
weightlifting
AngieVarona
bodygallery
cscareerquestions
auburn
Bathing
appetizers
bindingofisaac
RandomActsOfChristmas
HelicoptersWithArms
TheGirlSurvivalGuide
ICanDrawThat
DJsCirclejerk
AskAcademia
kerinportillo
Tucson
UniversityOfHouston
SuperSaiyanGifs
motorcitykitties
Modern_Family
TheWayWeWere
rally
selfpublish
buccos
Mommit
250r
GoodValue
discgolf
brewing
Glocks
vegetarianketo
Liftingmusic
agitation
GIMP
showusyourtits
Techno
Divorce
Norse
Gamingcirclejerk
ThisDayInHistory
LAjobs
baseball
pinkiepie
peachlips
PacificNorthwest
EntFlix
lego
eroticcomics
wrestling
IASIP
SourceFed
PhilosophyofMath
outside
Permaculture
SCP
Audi
NsfwSpot
fitmeals
hometheater
community
nongolfers
Indiana
GeekPorn
urbanfarming
hcfactions
peoplewithbirdheads
rnb
DrunkOrAKid
nicechips
yiff
kettlebell
PhilosophyOfTech
avengedsevenfold
nerdfighters
treesgonewild
inthenews
touhou
AnimalPorn
centralpa
berkeley
xbmc
Swimming
browsers
mylittleadvicepony
kungfu
algotrading
taekwondo
AskFeminists
newmusic
AFL
nugs
saddestof
Sissies
fireemblem
MaleUnderwear
nsfw
cannabis
Nationals
NewYorkMets
Shave_Bazaar
prisonarchitect
humanism
DesktopDetective
textstochris
WatchItForThePlot
edmproduction
Punny
pittsburgh
trailerparkboys
comeonandslam
androidappreviews
goingtohellforthis
SEC
Rift
TheWarZ
comicbooks
Mario
Fullmoviesonvimeo
geography
InternetAMA
passionpics
AssholeBehindThong
lastimages
burlington
CastleStory
texttranscripts
scooters
newyork
DrugNerds
coys
ideasfortheadmins
dirndls
sharks
evolutionReddit
DebateAChristian
HardcoreRedheads
ChristianGirls
labrats
starcraft2
UCSC
Egalitarianism
ios
couchsurfing
clothdiaps
DIY
scientology
Esperanto
mylittlelistentothis
mspaint
mountaingoats
Tekken
work
Utah
beermoney
GiannaMichaels
Pareidolia
day
Futurism
norfolk
chapelhill
CinemaPorn
offmychest
KetoDining
Paleontology
hugeboobvideos
bisexual
sanantonio
CumSwallowing
HannibalTV
uofmn
Transex
TwoXSex
futurama
PlayStationPlus
runningmusic
Boxing
badassgirls
MasonJars
squirrels
Sonsofanarchy
gayvideos
FilmScorePorn
GifSound
Injusticegame
ArnoldSchwarzenegger
BBW
shiba
StonerProTips
hardbodies
nederlands
livingofftheland
creampies
modclub
gonecivil
thisdreamihad
technology
BostonU
dailydot
shortstories
GayGifs
AdvancedFitness
baltimore
PropagandaPosters
tinycode
omegle
Firearms
nsfwdumps
coupons
pwned
designthought
ADEFDBC
AnimatedConversations
AirCraftPorn
Watch_Me_Ban_You
learnspanish
Stacked
Pennsylvania
analog
drumstep
teaching
cycling
subredditofthedead
furry
StephenFry
musicpics
ImaginaryCharacters
learnart
MLPvids
transpositive
askastronomy
DavidAnus
brunette
passionx
StateOfTheUnion
CrowdPulledOnStage
Malware
PunkLovers
cocktails
CultCinema
Toyota
mspaintbattles
ipad
GaybrosGoneWild
luciddreamingmemes
Judaism
TodayIdreamed
SexyWallpapers
DSP
secondlife
justified
Tallahassee
Dodge
panthers
TheoryOfReddit
MDMA
Frasier
QuotesPorn
droid
puremathematics
racequeens
verse
lightshow
SAHP
bigasses
GarterBelts
Existentialism
FortWorth
agnosticism
celebrity
budgetfood
spicy
knifeparty
trippy
redditdev
GirlsGoneBitcoin
FaceFuck
japanesemusic
ArianaGrande
Pensacola
ClimbingPorn
ToastersGW
biblestudy
doctorwho
NZXT
mercedes_benz
shittyama
dota2smut
ECE
medicalschool
bfpc
psbattleroyale
Integral
vintage
Roku
conspiratard
LGBTeens
Hot_Women_Gifs
FTVgirls
TightShorts
Instagram
knots
IndieFolk
pornpedia
ghettoglamourshots
fail
metro
historicalrage
CourtroomJustice
PostCollapse
cosplay
CaptiveWildlife
libraryofshadows
frenchmaid
Pokemongiveaway
queen
digimon
trailmeals
collapse
lisp
nostalgia
nonose
defaultgems
evangelinelilly
SUMMERtimeheat
curvy
gonewanton
curb
WebGames
nopanties
Hegre
infiniteworldproblems
AnimalCrossing
penpals
cutetextfaces
Seahawks
malefashion
Ni_no_Kuni
ents
oldmaps
Flyers
ArtisanVideos
4Xgaming
nope
batonrouge
threekings
TrueAnime
AnalWreakage
FlashingGirls
altrap
Tobacco
metalgear
TalesofPrivilege
CringeImage
CandidFashionPolice
SF4
SquaredCircle
sixwordstories
spaceporn
pettyrevenge
futurepopmusic
LGBTGoneWild
boobstrap
CodeGeass
MuseumOfReddit
breakcore
Bandnames
PublicUpskirts
RBI
polyamory
buildapcsalesuk
bustybabes
jquery
FUI
UofArizona
aesthetics
OldSchoolCool
RapeSquadKillas
NewParents
Chattanooga
selfpix
Weird
NotaMethAddict
Nebraska
nba
comicbookart
Gay_Ultimate_NSFW
BestPornVideos
reddevils
powerbuilding
queer
keto
riddles
Music
BattlestarGalactica
videos
Disneyland
chrome
dating
cyclocross
GrumpyCat
Demotivational
CollegeInitiation
chicagoEDM
SpaceClop
facedownassup
macgaming
raleigh
longlostgamers
armoredwomen
WhiteRights
ELATeachers
TheHobbit
microgrowery
Movieswhilehigh
howimetyourmother
hawks
screenshots
AnimatedLadyBoners
WouldYouRather
hiddenwow
Inglip
grime
fulltvshowsonyoutube
LANL_German
GameAudio
gayotters
MensRights
NoPoo
TF2fashionadvice
TryingForABaby
tacos
mylittleonions
reactiongifs
bestofcraigslist
FossilPorn
geopolitics
Jazz
crossword
MethodHub
InlandEmpire
GoneWildPlus
GearsOfWar
saskatchewan
hodor
randomactsofbicycle
orlando
proghouse
rosie_jones
pug
GuildWarsBuilds
eastboundanddown
NSFWIAMA
realitianity
FreebiesUK
VillagePorn
assassinscreed
YarnAddicts
fromscratch
dub
barelylegalteens
boulder
MCPE
Coachella
ObjectiveC
52weeksofcooking
LifeasanNPC
ITdept
GetMotivatedBuddies
shutupandwrite

